Archive member included to satisfy reference by file (symbol)

D:/STM32CubeIDE_1.15.1/STM32CubeIDE/plugins/com.st.stm32cube.ide.mcu.externaltools.gnu-tools-for-stm32.12.3.rel1.win32_1.0.100.202403111256/tools/bin/../lib/gcc/arm-none-eabi/12.3.1/../../../../arm-none-eabi/lib/thumb/v7-m/nofp\libc_nano.a(libc_a-exit.o)
                              D:/STM32CubeIDE_1.15.1/STM32CubeIDE/plugins/com.st.stm32cube.ide.mcu.externaltools.gnu-tools-for-stm32.12.3.rel1.win32_1.0.100.202403111256/tools/bin/../lib/gcc/arm-none-eabi/12.3.1/../../../../arm-none-eabi/lib/thumb/v7-m/nofp/crt0.o (exit)
D:/STM32CubeIDE_1.15.1/STM32CubeIDE/plugins/com.st.stm32cube.ide.mcu.externaltools.gnu-tools-for-stm32.12.3.rel1.win32_1.0.100.202403111256/tools/bin/../lib/gcc/arm-none-eabi/12.3.1/../../../../arm-none-eabi/lib/thumb/v7-m/nofp\libc_nano.a(libc_a-findfp.o)
                              D:/STM32CubeIDE_1.15.1/STM32CubeIDE/plugins/com.st.stm32cube.ide.mcu.externaltools.gnu-tools-for-stm32.12.3.rel1.win32_1.0.100.202403111256/tools/bin/../lib/gcc/arm-none-eabi/12.3.1/../../../../arm-none-eabi/lib/thumb/v7-m/nofp\libc_nano.a(libc_a-exit.o) (__stdio_exit_handler)
D:/STM32CubeIDE_1.15.1/STM32CubeIDE/plugins/com.st.stm32cube.ide.mcu.externaltools.gnu-tools-for-stm32.12.3.rel1.win32_1.0.100.202403111256/tools/bin/../lib/gcc/arm-none-eabi/12.3.1/../../../../arm-none-eabi/lib/thumb/v7-m/nofp\libc_nano.a(libc_a-fwalk.o)
                              D:/STM32CubeIDE_1.15.1/STM32CubeIDE/plugins/com.st.stm32cube.ide.mcu.externaltools.gnu-tools-for-stm32.12.3.rel1.win32_1.0.100.202403111256/tools/bin/../lib/gcc/arm-none-eabi/12.3.1/../../../../arm-none-eabi/lib/thumb/v7-m/nofp\libc_nano.a(libc_a-findfp.o) (_fwalk_sglue)
D:/STM32CubeIDE_1.15.1/STM32CubeIDE/plugins/com.st.stm32cube.ide.mcu.externaltools.gnu-tools-for-stm32.12.3.rel1.win32_1.0.100.202403111256/tools/bin/../lib/gcc/arm-none-eabi/12.3.1/../../../../arm-none-eabi/lib/thumb/v7-m/nofp\libc_nano.a(libc_a-stdio.o)
                              D:/STM32CubeIDE_1.15.1/STM32CubeIDE/plugins/com.st.stm32cube.ide.mcu.externaltools.gnu-tools-for-stm32.12.3.rel1.win32_1.0.100.202403111256/tools/bin/../lib/gcc/arm-none-eabi/12.3.1/../../../../arm-none-eabi/lib/thumb/v7-m/nofp\libc_nano.a(libc_a-findfp.o) (__sread)
D:/STM32CubeIDE_1.15.1/STM32CubeIDE/plugins/com.st.stm32cube.ide.mcu.externaltools.gnu-tools-for-stm32.12.3.rel1.win32_1.0.100.202403111256/tools/bin/../lib/gcc/arm-none-eabi/12.3.1/../../../../arm-none-eabi/lib/thumb/v7-m/nofp\libc_nano.a(libc_a-memset.o)
                              D:/STM32CubeIDE_1.15.1/STM32CubeIDE/plugins/com.st.stm32cube.ide.mcu.externaltools.gnu-tools-for-stm32.12.3.rel1.win32_1.0.100.202403111256/tools/bin/../lib/gcc/arm-none-eabi/12.3.1/../../../../arm-none-eabi/lib/thumb/v7-m/nofp/crt0.o (memset)
D:/STM32CubeIDE_1.15.1/STM32CubeIDE/plugins/com.st.stm32cube.ide.mcu.externaltools.gnu-tools-for-stm32.12.3.rel1.win32_1.0.100.202403111256/tools/bin/../lib/gcc/arm-none-eabi/12.3.1/../../../../arm-none-eabi/lib/thumb/v7-m/nofp\libc_nano.a(libc_a-closer.o)
                              D:/STM32CubeIDE_1.15.1/STM32CubeIDE/plugins/com.st.stm32cube.ide.mcu.externaltools.gnu-tools-for-stm32.12.3.rel1.win32_1.0.100.202403111256/tools/bin/../lib/gcc/arm-none-eabi/12.3.1/../../../../arm-none-eabi/lib/thumb/v7-m/nofp\libc_nano.a(libc_a-stdio.o) (_close_r)
D:/STM32CubeIDE_1.15.1/STM32CubeIDE/plugins/com.st.stm32cube.ide.mcu.externaltools.gnu-tools-for-stm32.12.3.rel1.win32_1.0.100.202403111256/tools/bin/../lib/gcc/arm-none-eabi/12.3.1/../../../../arm-none-eabi/lib/thumb/v7-m/nofp\libc_nano.a(libc_a-reent.o)
                              D:/STM32CubeIDE_1.15.1/STM32CubeIDE/plugins/com.st.stm32cube.ide.mcu.externaltools.gnu-tools-for-stm32.12.3.rel1.win32_1.0.100.202403111256/tools/bin/../lib/gcc/arm-none-eabi/12.3.1/../../../../arm-none-eabi/lib/thumb/v7-m/nofp\libc_nano.a(libc_a-closer.o) (errno)
D:/STM32CubeIDE_1.15.1/STM32CubeIDE/plugins/com.st.stm32cube.ide.mcu.externaltools.gnu-tools-for-stm32.12.3.rel1.win32_1.0.100.202403111256/tools/bin/../lib/gcc/arm-none-eabi/12.3.1/../../../../arm-none-eabi/lib/thumb/v7-m/nofp\libc_nano.a(libc_a-impure.o)
                              D:/STM32CubeIDE_1.15.1/STM32CubeIDE/plugins/com.st.stm32cube.ide.mcu.externaltools.gnu-tools-for-stm32.12.3.rel1.win32_1.0.100.202403111256/tools/bin/../lib/gcc/arm-none-eabi/12.3.1/../../../../arm-none-eabi/lib/thumb/v7-m/nofp\libc_nano.a(libc_a-reent.o) (_impure_ptr)
D:/STM32CubeIDE_1.15.1/STM32CubeIDE/plugins/com.st.stm32cube.ide.mcu.externaltools.gnu-tools-for-stm32.12.3.rel1.win32_1.0.100.202403111256/tools/bin/../lib/gcc/arm-none-eabi/12.3.1/../../../../arm-none-eabi/lib/thumb/v7-m/nofp\libc_nano.a(libc_a-lseekr.o)
[...]
Memory Configuration

Name             Origin             Length             Attributes
RAM              0x20000000         0x00010000         xrw
FLASH            0x08000000         0x00080000         xr
*default*        0x00000000         0xffffffff

Linker script and memory map

LOAD D:/STM32CubeIDE_1.15.1/STM32CubeIDE/plugins/com.st.stm32cube.ide.mcu.externaltools.gnu-tools-for-stm32.12.3.rel1.win32_1.0.100.202403111256/tools/bin/../lib/gcc/arm-none-eabi/12.3.1/thumb/v7-m/nofp/crti.o
LOAD D:/STM32CubeIDE_1.15.1/STM32CubeIDE/plugins/com.st.stm32cube.ide.mcu.externaltools.gnu-tools-for-stm32.12.3.rel1.win32_1.0.100.202403111256/tools/bin/../lib/gcc/arm-none-eabi/12.3.1/thumb/v7-m/nofp/crtbegin.o
LOAD D:/STM32CubeIDE_1.15.1/STM32CubeIDE/plugins/com.st.stm32cube.ide.mcu.externaltools.gnu-tools-for-stm32.12.3.rel1.win32_1.0.100.202403111256/tools/bin/../lib/gcc/arm-none-eabi/12.3.1/../../../../arm-none-eabi/lib/thumb/v7-m/nofp/crt0.o
LOAD ./Core/Src/bsp_ov7725.o
LOAD ./Core/Src/bsp_sccb.o
LOAD ./Core/Src/dma.o
LOAD ./Core/Src/gpio.o
LOAD ./Core/Src/i2c.o
LOAD ./Core/Src/main.o
LOAD ./Core/Src/oled.o
LOAD ./Core/Src/spi.o
LOAD ./Core/Src/stm32f1xx_hal_msp.o
LOAD ./Core/Src/stm32f1xx_it.o
LOAD ./Core/Src/syscalls.o
LOAD ./Core/Src/sysmem.o
LOAD ./Core/Src/system_stm32f1xx.o
LOAD ./Core/Src/usart.o
LOAD ./Core/Startup/startup_stm32f103vetx.o
LOAD ./Drivers/STM32F1xx_HAL_Driver/Src/stm32f1xx_hal.o
LOAD ./Drivers/STM32F1xx_HAL_Driver/Src/stm32f1xx_hal_cortex.o
LOAD ./Drivers/STM32F1xx_HAL_Driver/Src/stm32f1xx_hal_dma.o
LOAD ./Drivers/STM32F1xx_HAL_Driver/Src/stm32f1xx_hal_exti.o
LOAD ./Drivers/STM32F1xx_HAL_Driver/Src/stm32f1xx_hal_flash.o
LOAD ./Drivers/STM32F1xx_HAL_Driver/Src/stm32f1xx_hal_flash_ex.o
LOAD ./Drivers/STM32F1xx_HAL_Driver/Src/stm32f1xx_hal_gpio.o
LOAD ./Drivers/STM32F1xx_HAL_Driver/Src/stm32f1xx_hal_gpio_ex.o
LOAD ./Drivers/STM32F1xx_HAL_Driver/Src/stm32f1xx_hal_i2c.o
LOAD ./Drivers/STM32F1xx_HAL_Driver/Src/stm32f1xx_hal_pwr.o
LOAD ./Drivers/STM32F1xx_HAL_Driver/Src/stm32f1xx_hal_rcc.o
LOAD ./Drivers/STM32F1xx_HAL_Driver/Src/stm32f1xx_hal_rcc_ex.o
LOAD ./Drivers/STM32F1xx_HAL_Driver/Src/stm32f1xx_hal_spi.o
LOAD ./Drivers/STM32F1xx_HAL_Driver/Src/stm32f1xx_hal_tim.o
LOAD ./Drivers/STM32F1xx_HAL_Driver/Src/stm32f1xx_hal_tim_ex.o
LOAD ./Drivers/STM32F1xx_HAL_Driver/Src/stm32f1xx_hal_uart.o
START GROUP
LOAD D:/STM32CubeIDE_1.15.1/STM32CubeIDE/plugins/com.st.stm32cube.ide.mcu.externaltools.gnu-tools-for-stm32.12.3.rel1.win32_1.0.100.202403111256/tools/bin/../lib/gcc/arm-none-eabi/12.3.1/../../../../arm-none-eabi/lib/thumb/v7-m/nofp\libc_nano.a
LOAD D:/STM32CubeIDE_1.15.1/STM32CubeIDE/plugins/com.st.stm32cube.ide.mcu.externaltools.gnu-tools-for-stm32.12.3.rel1.win32_1.0.100.202403111256/tools/bin/../lib/gcc/arm-none-eabi/12.3.1/../../../../arm-none-eabi/lib/thumb/v7-m/nofp\libm.a
END GROUP
START GROUP
LOAD D:/STM32CubeIDE_1.15.1/STM32CubeIDE/plugins/com.st.stm32cube.ide.mcu.externaltools.gnu-tools-for-stm32.12.3.rel1.win32_1.0.100.202403111256/tools/bin/../lib/gcc/arm-none-eabi/12.3.1/thumb/v7-m/nofp\libgcc.a
LOAD D:/STM32CubeIDE_1.15.1/STM32CubeIDE/plugins/com.st.stm32cube.ide.mcu.externaltools.gnu-tools-for-stm32.12.3.rel1.win32_1.0.100.202403111256/tools/bin/../lib/gcc/arm-none-eabi/12.3.1/../../../../arm-none-eabi/lib/thumb/v7-m/nofp\libc_nano.a
END GROUP
START GROUP
LOAD D:/STM32CubeIDE_1.15.1/STM32CubeIDE/plugins/com.st.stm32cube.ide.mcu.externaltools.gnu-tools-for-stm32.12.3.rel1.win32_1.0.100.202403111256/tools/bin/../lib/gcc/arm-none-eabi/12.3.1/thumb/v7-m/nofp\libgcc.a
LOAD D:/STM32CubeIDE_1.15.1/STM32CubeIDE/plugins/com.st.stm32cube.ide.mcu.externaltools.gnu-tools-for-stm32.12.3.rel1.win32_1.0.100.202403111256/tools/bin/../lib/gcc/arm-none-eabi/12.3.1/../../../../arm-none-eabi/lib/thumb/v7-m/nofp\libc_nano.a
LOAD D:/STM32CubeIDE_1.15.1/STM32CubeIDE/plugins/com.st.stm32cube.ide.mcu.externaltools.gnu-tools-for-stm32.12.3.rel1.win32_1.0.100.202403111256/tools/bin/../lib/gcc/arm-none-eabi/12.3.1/../../../../arm-none-eabi/lib/thumb/v7-m/nofp\libnosys.a
END GROUP
START GROUP
LOAD D:/STM32CubeIDE_1.15.1/STM32CubeIDE/plugins/com.st.stm32cube.ide.mcu.externaltools.gnu-tools-for-stm32.12.3.rel1.win32_1.0.100.202403111256/tools/bin/../lib/gcc/arm-none-eabi/12.3.1/thumb/v7-m/nofp\libgcc.a
LOAD D:/STM32CubeIDE_1.15.1/STM32CubeIDE/plugins/com.st.stm32cube.ide.mcu.externaltools.gnu-tools-for-stm32.12.3.rel1.win32_1.0.100.202403111256/tools/bin/../lib/gcc/arm-none-eabi/12.3.1/../../../../arm-none-eabi/lib/thumb/v7-m/nofp\libc_nano.a
LOAD D:/STM32CubeIDE_1.15.1/STM32CubeIDE/plugins/com.st.stm32cube.ide.mcu.externaltools.gnu-tools-for-stm32.12.3.rel1.win32_1.0.100.202403111256/tools/bin/../lib/gcc/arm-none-eabi/12.3.1/../../../../arm-none-eabi/lib/thumb/v7-m/nofp\libnosys.a
END GROUP
LOAD D:/STM32CubeIDE_1.15.1/STM32CubeIDE/plugins/com.st.stm32cube.ide.mcu.externaltools.gnu-tools-for-stm32.12.3.rel1.win32_1.0.100.202403111256/tools/bin/../lib/gcc/arm-none-eabi/12.3.1/thumb/v7-m/nofp/crtend.o
LOAD D:/STM32CubeIDE_1.15.1/STM32CubeIDE/plugins/com.st.stm32cube.ide.mcu.externaltools.gnu-tools-for-stm32.12.3.rel1.win32_1.0.100.202403111256/tools/bin/../lib/gcc/arm-none-eabi/12.3.1/thumb/v7-m/nofp/crtn.o
                0x20010000                        _estack = (ORIGIN (RAM) + LENGTH (RAM))
                0x00000200                        _Min_Heap_Size = 0x200
                0x00000400                        _Min_Stack_Size = 0x400

.isr_vector     0x08000000      0x1e4
                0x08000000                        . = ALIGN (0x4)
 *(.isr_vector)
 .isr_vector    0x08000000      0x1e4 ./Core/Startup/startup_stm32f103vetx.o
                0x08000000                g_pfnVectors
                0x080001e4                        . = ALIGN (0x4)

.text           0x080001e8     0x6250
                0x080001e8                        . = ALIGN (0x4)
 *(.text)
 .text          0x080001e8       0x40 D:/STM32CubeIDE_1.15.1/STM32CubeIDE/plugins/com.st.stm32cube.ide.mcu.externaltools.gnu-tools-for-stm32.12.3.rel1.win32_1.0.100.202403111256/tools/bin/../lib/gcc/arm-none-eabi/12.3.1/thumb/v7-m/nofp/crtbegin.o
 .text          0x08000228       0x10 D:/STM32CubeIDE_1.15.1/STM32CubeIDE/plugins/com.st.stm32cube.ide.mcu.externaltools.gnu-tools-for-stm32.12.3.rel1.win32_1.0.100.202403111256/tools/bin/../lib/gcc/arm-none-eabi/12.3.1/../../../../arm-none-eabi/lib/thumb/v7-m/nofp\libc_nano.a(libc_a-strlen.o)
                0x08000228                strlen
 .text          0x08000238      0x378 D:/STM32CubeIDE_1.15.1/STM32CubeIDE/plugins/com.st.stm32cube.ide.mcu.externaltools.gnu-tools-for-stm32.12.3.rel1.win32_1.0.100.202403111256/tools/bin/../lib/gcc/arm-none-eabi/12.3.1/thumb/v7-m/nofp\libgcc.a(_arm_addsubdf3.o)
                0x08000238                __aeabi_drsub
                0x08000240                __aeabi_dsub
                0x08000240                __subdf3
                0x08000244                __aeabi_dadd
                0x08000244                __adddf3
                0x080004bc                __floatunsidf
                0x080004bc                __aeabi_ui2d
                0x080004dc                __floatsidf
                0x080004dc                __aeabi_i2d
                0x08000500                __aeabi_f2d
                0x08000500                __extendsfdf2
                0x08000544                __floatundidf
                0x08000544                __aeabi_ul2d
                0x08000554                __floatdidf
                0x08000554                __aeabi_l2d
 .text          0x080005b0      0x424 D:/STM32CubeIDE_1.15.1/STM32CubeIDE/plugins/com.st.stm32cube.ide.mcu.externaltools.gnu-tools-for-stm32.12.3.rel1.win32_1.0.100.202403111256/tools/bin/../lib/gcc/arm-none-eabi/12.3.1/thumb/v7-m/nofp\libgcc.a(_arm_muldivdf3.o)
                0x080005b0                __aeabi_dmul
                0x080005b0                __muldf3
                0x08000804                __divdf3
                0x08000804                __aeabi_ddiv
 .text          0x080009d4      0x110 D:/STM32CubeIDE_1.15.1/STM32CubeIDE/plugins/com.st.stm32cube.ide.mcu.externaltools.gnu-tools-for-stm32.12.3.rel1.win32_1.0.100.202403111256/tools/bin/../lib/gcc/arm-none-eabi/12.3.1/thumb/v7-m/nofp\libgcc.a(_arm_cmpdf2.o)
                0x080009d4                __gtdf2
                0x080009d4                __gedf2
                0x080009dc                __ltdf2
                0x080009dc                __ledf2
                0x080009e4                __nedf2
                0x080009e4                __eqdf2
                0x080009e4                __cmpdf2
                0x08000a60                __aeabi_cdrcmple
                0x08000a70                __aeabi_cdcmpeq
                0x08000a70                __aeabi_cdcmple
                0x08000a80                __aeabi_dcmpeq
                0x08000a94                __aeabi_dcmplt
                0x08000aa8                __aeabi_dcmple
                0x08000abc                __aeabi_dcmpge
                0x08000ad0                __aeabi_dcmpgt
 .text          0x08000ae4       0x2c D:/STM32CubeIDE_1.15.1/STM32CubeIDE/plugins/com.st.stm32cube.ide.mcu.externaltools.gnu-tools-for-stm32.12.3.rel1.win32_1.0.100.202403111256/tools/bin/../lib/gcc/arm-none-eabi/12.3.1/thumb/v7-m/nofp\libgcc.a(_arm_unorddf2.o)
                0x08000ae4                __unorddf2
                0x08000ae4                __aeabi_dcmpun
 .text          0x08000b10       0xa0 D:/STM32CubeIDE_1.15.1/STM32CubeIDE/plugins/com.st.stm32cube.ide.mcu.externaltools.gnu-tools-for-stm32.12.3.rel1.win32_1.0.100.202403111256/tools/bin/../lib/gcc/arm-none-eabi/12.3.1/thumb/v7-m/nofp\libgcc.a(_arm_truncdfsf2.o)
                0x08000b10                __truncdfsf2
                0x08000b10                __aeabi_d2f
 .text          0x08000bb0      0x21c D:/STM32CubeIDE_1.15.1/STM32CubeIDE/plugins/com.st.stm32cube.ide.mcu.externaltools.gnu-tools-for-stm32.12.3.rel1.win32_1.0.100.202403111256/tools/bin/../lib/gcc/arm-none-eabi/12.3.1/thumb/v7-m/nofp\libgcc.a(_arm_addsubsf3.o)
                0x08000bb0                __aeabi_frsub
                0x08000bb8                __subsf3
                0x08000bb8                __aeabi_fsub
                0x08000bbc                __aeabi_fadd
                0x08000bbc                __addsf3
                0x08000d1c                __aeabi_ui2f
                0x08000d1c                __floatunsisf
                0x08000d24                __aeabi_i2f
                0x08000d24                __floatsisf
                0x08000d40                __aeabi_ul2f
                0x08000d40                __floatundisf
                0x08000d50                __aeabi_l2f
                0x08000d50                __floatdisf
 .text          0x08000dcc      0x2a0 D:/STM32CubeIDE_1.15.1/STM32CubeIDE/plugins/com.st.stm32cube.ide.mcu.externaltools.gnu-tools-for-stm32.12.3.rel1.win32_1.0.100.202403111256/tools/bin/../lib/gcc/arm-none-eabi/12.3.1/thumb/v7-m/nofp\libgcc.a(_arm_muldivsf3.o)
                0x08000dcc                __mulsf3
                0x08000dcc                __aeabi_fmul
                0x08000f34                __aeabi_fdiv
                0x08000f34                __divsf3
 .text          0x0800106c       0xec D:/STM32CubeIDE_1.15.1/STM32CubeIDE/plugins/com.st.stm32cube.ide.mcu.externaltools.gnu-tools-for-stm32.12.3.rel1.win32_1.0.100.202403111256/tools/bin/../lib/gcc/arm-none-eabi/12.3.1/thumb/v7-m/nofp\libgcc.a(_arm_cmpsf2.o)
                0x0800106c                __gesf2
                0x0800106c                __gtsf2
                0x08001074                __lesf2
                0x08001074                __ltsf2
                0x0800107c                __nesf2
                0x0800107c                __eqsf2
                0x0800107c                __cmpsf2
                0x080010dc                __aeabi_cfrcmple
                0x080010e4                __aeabi_cfcmpeq
                0x080010e4                __aeabi_cfcmple
                0x080010f4                __aeabi_fcmpeq
                0x08001108                __aeabi_fcmplt
                0x0800111c                __aeabi_fcmple
                0x08001130                __aeabi_fcmpge
                0x08001144                __aeabi_fcmpgt
 *(.text*)
 .text.OV7725_Init
                0x08001158       0x90 ./Core/Src/bsp_ov7725.o
                0x08001158                OV7725_Init
 .text.OV7725_Window_Set
                0x080011e8      0x164 ./Core/Src/bsp_ov7725.o
                0x080011e8                OV7725_Window_Set
 .text.Otsu     0x0800134c      0x300 ./Core/Src/bsp_ov7725.o
                0x0800134c                Otsu
 .text.READ_FIFO_PIXEL
                0x0800164c       0x40 ./Core/Src/bsp_ov7725.o
                0x0800164c                READ_FIFO_PIXEL
 .text.Img_Read
                0x0800168c       0x50 ./Core/Src/bsp_ov7725.o
                0x0800168c                Img_Read
 .text.Img_Process
                0x080016dc       0x78 ./Core/Src/bsp_ov7725.o
                0x080016dc                Img_Process
 .text.SCCB_delay
                0x08001754       0x26 ./Core/Src/bsp_sccb.o
 *fill*         0x0800177a        0x2 
 .text.SCCB_Start
                0x0800177c       0x68 ./Core/Src/bsp_sccb.o
 .text.SCCB_Stop
                0x080017e4       0x44 ./Core/Src/bsp_sccb.o
 .text.SCCB_Ack
                0x08001828       0x44 ./Core/Src/bsp_sccb.o
 .text.SCCB_NoAck
                0x0800186c       0x44 ./Core/Src/bsp_sccb.o
 .text.SCCB_WaitAck
                0x080018b0       0x60 ./Core/Src/bsp_sccb.o
 .text.SCCB_SendByte
                0x08001910       0x74 ./Core/Src/bsp_sccb.o
 .text.SCCB_ReceiveByte
                0x08001984       0x74 ./Core/Src/bsp_sccb.o
 .text.SCCB_WriteByte
                0x080019f8       0x5e ./Core/Src/bsp_sccb.o
                0x080019f8                SCCB_WriteByte
 .text.SCCB_ReadByte
                0x08001a56       0xa8 ./Core/Src/bsp_sccb.o
                0x08001a56                SCCB_ReadByte
 *fill*         0x08001afe        0x2 
 .text.MX_DMA_Init
                0x08001b00       0x3c ./Core/Src/dma.o
                0x08001b00                MX_DMA_Init
 .text.MX_GPIO_Init
                0x08001b3c      0x1d0 ./Core/Src/gpio.o
                0x08001b3c                MX_GPIO_Init
 .text.MX_I2C1_Init
                0x08001d0c       0x5c ./Core/Src/i2c.o
                0x08001d0c                MX_I2C1_Init
 .text.HAL_I2C_MspInit
                0x08001d68       0x7c ./Core/Src/i2c.o
                0x08001d68                HAL_I2C_MspInit
 .text.main     0x08001de4      0x118 ./Core/Src/main.o
                0x08001de4                main
 .text.SystemClock_Config
                0x08001efc       0x8a ./Core/Src/main.o
                0x08001efc                SystemClock_Config
 *fill*         0x08001f86        0x2 
 .text.Delay_tick
                0x08001f88       0x30 ./Core/Src/main.o
                0x08001f88                Delay_tick
 .text.HAL_GPIO_EXTI_Callback
                0x08001fb8       0xfc ./Core/Src/main.o
                0x08001fb8                HAL_GPIO_EXTI_Callback
 .text.Error_Handler
                0x080020b4        0xc ./Core/Src/main.o
                0x080020b4                Error_Handler
 .text.OLED_WR_CMD
                0x080020c0       0x58 ./Core/Src/oled.o
                0x080020c0                OLED_WR_CMD
 .text.OLED_WR_DATA
                0x08002118       0x58 ./Core/Src/oled.o
                0x08002118                OLED_WR_DATA
 .text.OLED_Init
                0x08002170       0xbc ./Core/Src/oled.o
                0x08002170                OLED_Init
 .text.OLED_Fill
                0x0800222c       0x5a ./Core/Src/oled.o
                0x0800222c                OLED_Fill
 .text.Draw_BMP
                0x08002286       0xa4 ./Core/Src/oled.o
                0x08002286                Draw_BMP
 .text.OLED_Set_Pos
                0x0800232a       0x4e ./Core/Src/oled.o
                0x0800232a                OLED_Set_Pos
 .text.OLED_Showchar
                0x08002378       0xdc ./Core/Src/oled.o
                0x08002378                OLED_Showchar
 .text.OLED_Print_pixel_Image
                0x08002454      0x126 ./Core/Src/oled.o
                0x08002454                OLED_Print_pixel_Image
 *fill*         0x0800257a        0x2 
 .text.MX_SPI1_Init
                0x0800257c       0x6c ./Core/Src/spi.o
                0x0800257c                MX_SPI1_Init
 .text.HAL_SPI_MspInit
                0x080025e8       0xe8 ./Core/Src/spi.o
                0x080025e8                HAL_SPI_MspInit
 .text.HAL_MspInit
                0x080026d0       0x64 ./Core/Src/stm32f1xx_hal_msp.o
                0x080026d0                HAL_MspInit
 .text.NMI_Handler
                0x08002734        0x8 ./Core/Src/stm32f1xx_it.o
                0x08002734                NMI_Handler
 .text.HardFault_Handler
                0x0800273c        0x8 ./Core/Src/stm32f1xx_it.o
                0x0800273c                HardFault_Handler
 .text.MemManage_Handler
                0x08002744        0x8 ./Core/Src/stm32f1xx_it.o
                0x08002744                MemManage_Handler
 .text.BusFault_Handler
                0x0800274c        0x8 ./Core/Src/stm32f1xx_it.o
                0x0800274c                BusFault_Handler
 .text.UsageFault_Handler
                0x08002754        0x8 ./Core/Src/stm32f1xx_it.o
                0x08002754                UsageFault_Handler
 .text.SVC_Handler
                0x0800275c        0xc ./Core/Src/stm32f1xx_it.o
                0x0800275c                SVC_Handler
 .text.DebugMon_Handler
                0x08002768        0xc ./Core/Src/stm32f1xx_it.o
                0x08002768                DebugMon_Handler
 .text.PendSV_Handler
                0x08002774        0xc ./Core/Src/stm32f1xx_it.o
                0x08002774                PendSV_Handler
 .text.SysTick_Handler
                0x08002780       0x28 ./Core/Src/stm32f1xx_it.o
                0x08002780                SysTick_Handler
 .text.EXTI0_IRQHandler
                0x080027a8        0xe ./Core/Src/stm32f1xx_it.o
                0x080027a8                EXTI0_IRQHandler
 .text.EXTI3_IRQHandler
                0x080027b6        0xe ./Core/Src/stm32f1xx_it.o
                0x080027b6                EXTI3_IRQHandler
 .text.DMA1_Channel3_IRQHandler
                0x080027c4       0x14 ./Core/Src/stm32f1xx_it.o
                0x080027c4                DMA1_Channel3_IRQHandler
 .text.USART1_IRQHandler
                0x080027d8       0x14 ./Core/Src/stm32f1xx_it.o
                0x080027d8                USART1_IRQHandler
 .text.USART2_IRQHandler
                0x080027ec       0x14 ./Core/Src/stm32f1xx_it.o
                0x080027ec                USART2_IRQHandler
 .text.SystemInit
                0x08002800        0xc ./Core/Src/system_stm32f1xx.o
                0x08002800                SystemInit
 .text.MX_USART1_UART_Init
                0x0800280c       0x54 ./Core/Src/usart.o
                0x0800280c                MX_USART1_UART_Init
 .text.MX_USART2_UART_Init
                0x08002860       0x54 ./Core/Src/usart.o
                0x08002860                MX_USART2_UART_Init
 .text.HAL_UART_MspInit
                0x080028b4      0x14c ./Core/Src/usart.o
                0x080028b4                HAL_UART_MspInit
 .text.send_debug_info
                0x08002a00       0x2c ./Core/Src/usart.o
                0x08002a00                send_debug_info
 .text.Reset_Handler
                0x08002a2c       0x48 ./Core/Startup/startup_stm32f103vetx.o
                0x08002a2c                Reset_Handler
 .text.Default_Handler
                0x08002a74        0x2 ./Core/Startup/startup_stm32f103vetx.o
                0x08002a74                RTC_Alarm_IRQHandler
                0x08002a74                EXTI2_IRQHandler
                0x08002a74                TIM8_TRG_COM_IRQHandler
                0x08002a74                TIM8_CC_IRQHandler
                0x08002a74                TIM1_CC_IRQHandler
                0x08002a74                TIM6_IRQHandler
                0x08002a74                PVD_IRQHandler
                0x08002a74                SDIO_IRQHandler
                0x08002a74                I2C2_EV_IRQHandler
                0x08002a74                ADC1_2_IRQHandler
                0x08002a74                SPI1_IRQHandler
                0x08002a74                TAMPER_IRQHandler
                0x08002a74                TIM8_UP_IRQHandler
                0x08002a74                DMA2_Channel2_IRQHandler
                0x08002a74                DMA1_Channel4_IRQHandler
                0x08002a74                USART3_IRQHandler
                0x08002a74                RTC_IRQHandler
                0x08002a74                DMA1_Channel7_IRQHandler
                0x08002a74                CAN1_RX1_IRQHandler
                0x08002a74                UART5_IRQHandler
                0x08002a74                ADC3_IRQHandler
                0x08002a74                TIM4_IRQHandler
                0x08002a74                DMA2_Channel1_IRQHandler
                0x08002a74                I2C1_EV_IRQHandler
                0x08002a74                DMA1_Channel6_IRQHandler
                0x08002a74                UART4_IRQHandler
                0x08002a74                TIM3_IRQHandler
                0x08002a74                RCC_IRQHandler
                0x08002a74                TIM1_TRG_COM_IRQHandler
                0x08002a74                DMA1_Channel1_IRQHandler
                0x08002a74                Default_Handler
                0x08002a74                EXTI15_10_IRQHandler
                0x08002a74                TIM7_IRQHandler
                0x08002a74                TIM5_IRQHandler
                0x08002a74                EXTI9_5_IRQHandler
                0x08002a74                SPI2_IRQHandler
                0x08002a74                DMA1_Channel5_IRQHandler
                0x08002a74                EXTI4_IRQHandler
                0x08002a74                USB_LP_CAN1_RX0_IRQHandler
                0x08002a74                USB_HP_CAN1_TX_IRQHandler
                0x08002a74                FSMC_IRQHandler
                0x08002a74                TIM1_UP_IRQHandler
                0x08002a74                WWDG_IRQHandler
                0x08002a74                TIM2_IRQHandler
                0x08002a74                TIM1_BRK_IRQHandler
                0x08002a74                EXTI1_IRQHandler
                0x08002a74                DMA2_Channel4_5_IRQHandler
                0x08002a74                I2C2_ER_IRQHandler
                0x08002a74                DMA1_Channel2_IRQHandler
                0x08002a74                TIM8_BRK_IRQHandler
                0x08002a74                CAN1_SCE_IRQHandler
                0x08002a74                FLASH_IRQHandler
                0x08002a74                SPI3_IRQHandler
                0x08002a74                I2C1_ER_IRQHandler
                0x08002a74                USBWakeUp_IRQHandler
                0x08002a74                DMA2_Channel3_IRQHandler
 *fill*         0x08002a76        0x2 
 .text.HAL_Init
                0x08002a78       0x2c ./Drivers/STM32F1xx_HAL_Driver/Src/stm32f1xx_hal.o
                0x08002a78                HAL_Init
 .text.HAL_InitTick
                0x08002aa4       0x60 ./Drivers/STM32F1xx_HAL_Driver/Src/stm32f1xx_hal.o
                0x08002aa4                HAL_InitTick
 .text.HAL_IncTick
                0x08002b04       0x24 ./Drivers/STM32F1xx_HAL_Driver/Src/stm32f1xx_hal.o
                0x08002b04                HAL_IncTick
 .text.HAL_GetTick
                0x08002b28       0x14 ./Drivers/STM32F1xx_HAL_Driver/Src/stm32f1xx_hal.o
                0x08002b28                HAL_GetTick
 .text.__NVIC_SetPriorityGrouping
                0x08002b3c       0x48 ./Drivers/STM32F1xx_HAL_Driver/Src/stm32f1xx_hal_cortex.o
 .text.__NVIC_GetPriorityGrouping
                0x08002b84       0x1c ./Drivers/STM32F1xx_HAL_Driver/Src/stm32f1xx_hal_cortex.o
 .text.__NVIC_EnableIRQ
                0x08002ba0       0x38 ./Drivers/STM32F1xx_HAL_Driver/Src/stm32f1xx_hal_cortex.o
 .text.__NVIC_SetPriority
                0x08002bd8       0x54 ./Drivers/STM32F1xx_HAL_Driver/Src/stm32f1xx_hal_cortex.o
 .text.NVIC_EncodePriority
                0x08002c2c       0x64 ./Drivers/STM32F1xx_HAL_Driver/Src/stm32f1xx_hal_cortex.o
 .text.SysTick_Config
                0x08002c90       0x44 ./Drivers/STM32F1xx_HAL_Driver/Src/stm32f1xx_hal_cortex.o
 .text.HAL_NVIC_SetPriorityGrouping
                0x08002cd4       0x16 ./Drivers/STM32F1xx_HAL_Driver/Src/stm32f1xx_hal_cortex.o
                0x08002cd4                HAL_NVIC_SetPriorityGrouping
 .text.HAL_NVIC_SetPriority
                0x08002cea       0x38 ./Drivers/STM32F1xx_HAL_Driver/Src/stm32f1xx_hal_cortex.o
                0x08002cea                HAL_NVIC_SetPriority
 .text.HAL_NVIC_EnableIRQ
                0x08002d22       0x1c ./Drivers/STM32F1xx_HAL_Driver/Src/stm32f1xx_hal_cortex.o
                0x08002d22                HAL_NVIC_EnableIRQ
 .text.HAL_SYSTICK_Config
                0x08002d3e       0x18 ./Drivers/STM32F1xx_HAL_Driver/Src/stm32f1xx_hal_cortex.o
                0x08002d3e                HAL_SYSTICK_Config
 *fill*         0x08002d56        0x2 
 .text.HAL_DMA_Init
                0x08002d58       0xec ./Drivers/STM32F1xx_HAL_Driver/Src/stm32f1xx_hal_dma.o
                0x08002d58                HAL_DMA_Init
 .text.HAL_DMA_Abort
                0x08002e44       0x76 ./Drivers/STM32F1xx_HAL_Driver/Src/stm32f1xx_hal_dma.o
                0x08002e44                HAL_DMA_Abort
 *fill*         0x08002eba        0x2 
 .text.HAL_DMA_Abort_IT
                0x08002ebc      0x210 ./Drivers/STM32F1xx_HAL_Driver/Src/stm32f1xx_hal_dma.o
                0x08002ebc                HAL_DMA_Abort_IT
 .text.HAL_DMA_IRQHandler
                0x080030cc      0x478 ./Drivers/STM32F1xx_HAL_Driver/Src/stm32f1xx_hal_dma.o
                0x080030cc                HAL_DMA_IRQHandler
 .text.HAL_GPIO_Init
                0x08003544      0x328 ./Drivers/STM32F1xx_HAL_Driver/Src/stm32f1xx_hal_gpio.o
                0x08003544                HAL_GPIO_Init
 .text.HAL_GPIO_ReadPin
                0x0800386c       0x2e ./Drivers/STM32F1xx_HAL_Driver/Src/stm32f1xx_hal_gpio.o
                0x0800386c                HAL_GPIO_ReadPin
 .text.HAL_GPIO_WritePin
                0x0800389a       0x30 ./Drivers/STM32F1xx_HAL_Driver/Src/stm32f1xx_hal_gpio.o
                0x0800389a                HAL_GPIO_WritePin
 *fill*         0x080038ca        0x2 
 .text.HAL_GPIO_EXTI_IRQHandler
                0x080038cc       0x30 ./Drivers/STM32F1xx_HAL_Driver/Src/stm32f1xx_hal_gpio.o
                0x080038cc                HAL_GPIO_EXTI_IRQHandler
 .text.HAL_I2C_Init
                0x080038fc      0x288 ./Drivers/STM32F1xx_HAL_Driver/Src/stm32f1xx_hal_i2c.o
                0x080038fc                HAL_I2C_Init
 .text.HAL_RCC_OscConfig
                0x08003b84      0x504 ./Drivers/STM32F1xx_HAL_Driver/Src/stm32f1xx_hal_rcc.o
                0x08003b84                HAL_RCC_OscConfig
 .text.HAL_RCC_ClockConfig
                0x08004088      0x1d4 ./Drivers/STM32F1xx_HAL_Driver/Src/stm32f1xx_hal_rcc.o
                0x08004088                HAL_RCC_ClockConfig
 .text.HAL_RCC_GetSysClockFreq
                0x0800425c       0xa8 ./Drivers/STM32F1xx_HAL_Driver/Src/stm32f1xx_hal_rcc.o
                0x0800425c                HAL_RCC_GetSysClockFreq
 .text.HAL_RCC_GetHCLKFreq
                0x08004304       0x14 ./Drivers/STM32F1xx_HAL_Driver/Src/stm32f1xx_hal_rcc.o
                0x08004304                HAL_RCC_GetHCLKFreq
 .text.HAL_RCC_GetPCLK1Freq
                0x08004318       0x28 ./Drivers/STM32F1xx_HAL_Driver/Src/stm32f1xx_hal_rcc.o
                0x08004318                HAL_RCC_GetPCLK1Freq
 .text.HAL_RCC_GetPCLK2Freq
                0x08004340       0x28 ./Drivers/STM32F1xx_HAL_Driver/Src/stm32f1xx_hal_rcc.o
                0x08004340                HAL_RCC_GetPCLK2Freq
 .text.RCC_Delay
                0x08004368       0x3c ./Drivers/STM32F1xx_HAL_Driver/Src/stm32f1xx_hal_rcc.o
 .text.HAL_SPI_Init
                0x080043a4      0x108 ./Drivers/STM32F1xx_HAL_Driver/Src/stm32f1xx_hal_spi.o
                0x080043a4                HAL_SPI_Init
 .text.HAL_SPI_TransmitReceive
                0x080044ac      0x360 ./Drivers/STM32F1xx_HAL_Driver/Src/stm32f1xx_hal_spi.o
                0x080044ac                HAL_SPI_TransmitReceive
 .text.SPI_WaitFlagStateUntilTimeout
                0x0800480c      0x110 ./Drivers/STM32F1xx_HAL_Driver/Src/stm32f1xx_hal_spi.o
 .text.SPI_EndRxTxTransaction
                0x0800491c       0x3c ./Drivers/STM32F1xx_HAL_Driver/Src/stm32f1xx_hal_spi.o
 .text.HAL_UART_Init
                0x08004958       0xa0 ./Drivers/STM32F1xx_HAL_Driver/Src/stm32f1xx_hal_uart.o
                0x08004958                HAL_UART_Init
 .text.HAL_UART_Transmit
                0x080049f8      0x106 ./Drivers/STM32F1xx_HAL_Driver/Src/stm32f1xx_hal_uart.o
                0x080049f8                HAL_UART_Transmit
 *fill*         0x08004afe        0x2 
 .text.HAL_UART_IRQHandler
                0x08004b00      0x524 ./Drivers/STM32F1xx_HAL_Driver/Src/stm32f1xx_hal_uart.o
                0x08004b00                HAL_UART_IRQHandler
 .text.HAL_UART_TxCpltCallback
                0x08005024       0x12 ./Drivers/STM32F1xx_HAL_Driver/Src/stm32f1xx_hal_uart.o
                0x08005024                HAL_UART_TxCpltCallback
 .text.HAL_UART_RxCpltCallback
                0x08005036       0x12 ./Drivers/STM32F1xx_HAL_Driver/Src/stm32f1xx_hal_uart.o
                0x08005036                HAL_UART_RxCpltCallback
 .text.HAL_UART_ErrorCallback
                0x08005048       0x12 ./Drivers/STM32F1xx_HAL_Driver/Src/stm32f1xx_hal_uart.o
                0x08005048                HAL_UART_ErrorCallback
 .text.HAL_UARTEx_RxEventCallback
                0x0800505a       0x16 ./Drivers/STM32F1xx_HAL_Driver/Src/stm32f1xx_hal_uart.o
                0x0800505a                HAL_UARTEx_RxEventCallback
 .text.UART_WaitOnFlagUntilTimeout
                0x08005070       0xdc ./Drivers/STM32F1xx_HAL_Driver/Src/stm32f1xx_hal_uart.o
 .text.UART_EndRxTransfer
                0x0800514c       0xc4 ./Drivers/STM32F1xx_HAL_Driver/Src/stm32f1xx_hal_uart.o
 .text.UART_DMAAbortOnError
                0x08005210       0x28 ./Drivers/STM32F1xx_HAL_Driver/Src/stm32f1xx_hal_uart.o
 .text.UART_Transmit_IT
                0x08005238       0x9e ./Drivers/STM32F1xx_HAL_Driver/Src/stm32f1xx_hal_uart.o
 .text.UART_EndTransmit_IT
                0x080052d6       0x30 ./Drivers/STM32F1xx_HAL_Driver/Src/stm32f1xx_hal_uart.o
 .text.UART_Receive_IT
                0x08005306      0x17c ./Drivers/STM32F1xx_HAL_Driver/Src/stm32f1xx_hal_uart.o
 *fill*         0x08005482        0x2 
 .text.UART_SetConfig
                0x08005484      0x11c ./Drivers/STM32F1xx_HAL_Driver/Src/stm32f1xx_hal_uart.o
 .text.memset   0x080055a0       0x10 D:/STM32CubeIDE_1.15.1/STM32CubeIDE/plugins/com.st.stm32cube.ide.mcu.externaltools.gnu-tools-for-stm32.12.3.rel1.win32_1.0.100.202403111256/tools/bin/../lib/gcc/arm-none-eabi/12.3.1/../../../../arm-none-eabi/lib/thumb/v7-m/nofp\libc_nano.a(libc_a-memset.o)
                0x080055a0                memset
 .text.__errno  0x080055b0        0xc D:/STM32CubeIDE_1.15.1/STM32CubeIDE/plugins/com.st.stm32cube.ide.mcu.externaltools.gnu-tools-for-stm32.12.3.rel1.win32_1.0.100.202403111256/tools/bin/../lib/gcc/arm-none-eabi/12.3.1/../../../../arm-none-eabi/lib/thumb/v7-m/nofp\libc_nano.a(libc_a-errno.o)
                0x080055b0                __errno
 .text.__libc_init_array
                0x080055bc       0x48 D:/STM32CubeIDE_1.15.1/STM32CubeIDE/plugins/com.st.stm32cube.ide.mcu.externaltools.gnu-tools-for-stm32.12.3.rel1.win32_1.0.100.202403111256/tools/bin/../lib/gcc/arm-none-eabi/12.3.1/../../../../arm-none-eabi/lib/thumb/v7-m/nofp\libc_nano.a(libc_a-init.o)
                0x080055bc                __libc_init_array
 .text.pow      0x08005604       0xd0 D:/STM32CubeIDE_1.15.1/STM32CubeIDE/plugins/com.st.stm32cube.ide.mcu.externaltools.gnu-tools-for-stm32.12.3.rel1.win32_1.0.100.202403111256/tools/bin/../lib/gcc/arm-none-eabi/12.3.1/../../../../arm-none-eabi/lib/thumb/v7-m/nofp\libm.a(libm_a-w_pow.o)
                0x08005604                pow
 .text.finite   0x080056d4        0xc D:/STM32CubeIDE_1.15.1/STM32CubeIDE/plugins/com.st.stm32cube.ide.mcu.externaltools.gnu-tools-for-stm32.12.3.rel1.win32_1.0.100.202403111256/tools/bin/../lib/gcc/arm-none-eabi/12.3.1/../../../../arm-none-eabi/lib/thumb/v7-m/nofp\libm.a(libm_a-s_finite.o)
                0x080056d4                finite
 .text.__ieee754_pow
                0x080056e0      0xa50 D:/STM32CubeIDE_1.15.1/STM32CubeIDE/plugins/com.st.stm32cube.ide.mcu.externaltools.gnu-tools-for-stm32.12.3.rel1.win32_1.0.100.202403111256/tools/bin/../lib/gcc/arm-none-eabi/12.3.1/../../../../arm-none-eabi/lib/thumb/v7-m/nofp\libm.a(libm_a-e_pow.o)
                0x080056e0                __ieee754_pow
 .text.fabs     0x08006130        0x8 D:/STM32CubeIDE_1.15.1/STM32CubeIDE/plugins/com.st.stm32cube.ide.mcu.externaltools.gnu-tools-for-stm32.12.3.rel1.win32_1.0.100.202403111256/tools/bin/../lib/gcc/arm-none-eabi/12.3.1/../../../../arm-none-eabi/lib/thumb/v7-m/nofp\libm.a(libm_a-s_fabs.o)
                0x08006130                fabs
 .text.scalbn   0x08006138       0xec D:/STM32CubeIDE_1.15.1/STM32CubeIDE/plugins/com.st.stm32cube.ide.mcu.externaltools.gnu-tools-for-stm32.12.3.rel1.win32_1.0.100.202403111256/tools/bin/../lib/gcc/arm-none-eabi/12.3.1/../../../../arm-none-eabi/lib/thumb/v7-m/nofp\libm.a(libm_a-s_scalbn.o)
                0x08006138                scalbn
 .text.with_errno
                0x08006224       0x14 D:/STM32CubeIDE_1.15.1/STM32CubeIDE/plugins/com.st.stm32cube.ide.mcu.externaltools.gnu-tools-for-stm32.12.3.rel1.win32_1.0.100.202403111256/tools/bin/../lib/gcc/arm-none-eabi/12.3.1/../../../../arm-none-eabi/lib/thumb/v7-m/nofp\libm.a(libm_a-math_err.o)
 .text.xflow    0x08006238       0x26 D:/STM32CubeIDE_1.15.1/STM32CubeIDE/plugins/com.st.stm32cube.ide.mcu.externaltools.gnu-tools-for-stm32.12.3.rel1.win32_1.0.100.202403111256/tools/bin/../lib/gcc/arm-none-eabi/12.3.1/../../../../arm-none-eabi/lib/thumb/v7-m/nofp\libm.a(libm_a-math_err.o)
 .text.__math_uflow
                0x0800625e        0xa D:/STM32CubeIDE_1.15.1/STM32CubeIDE/plugins/com.st.stm32cube.ide.mcu.externaltools.gnu-tools-for-stm32.12.3.rel1.win32_1.0.100.202403111256/tools/bin/../lib/gcc/arm-none-eabi/12.3.1/../../../../arm-none-eabi/lib/thumb/v7-m/nofp\libm.a(libm_a-math_err.o)
                0x0800625e                __math_uflow
 .text.__math_oflow
                0x08006268        0xa D:/STM32CubeIDE_1.15.1/STM32CubeIDE/plugins/com.st.stm32cube.ide.mcu.externaltools.gnu-tools-for-stm32.12.3.rel1.win32_1.0.100.202403111256/tools/bin/../lib/gcc/arm-none-eabi/12.3.1/../../../../arm-none-eabi/lib/thumb/v7-m/nofp\libm.a(libm_a-math_err.o)
                0x08006268                __math_oflow
 *fill*         0x08006272        0x2 
 .text.__ieee754_sqrt
                0x08006274      0x1ac D:/STM32CubeIDE_1.15.1/STM32CubeIDE/plugins/com.st.stm32cube.ide.mcu.externaltools.gnu-tools-for-stm32.12.3.rel1.win32_1.0.100.202403111256/tools/bin/../lib/gcc/arm-none-eabi/12.3.1/../../../../arm-none-eabi/lib/thumb/v7-m/nofp\libm.a(libm_a-e_sqrt.o)
                0x08006274                __ieee754_sqrt
 *(.glue_7)
 .glue_7        0x08006420        0x0 linker stubs
 *(.glue_7t)
 .glue_7t       0x08006420        0x0 linker stubs
 *(.eh_frame)
 .eh_frame      0x08006420        0x0 D:/STM32CubeIDE_1.15.1/STM32CubeIDE/plugins/com.st.stm32cube.ide.mcu.externaltools.gnu-tools-for-stm32.12.3.rel1.win32_1.0.100.202403111256/tools/bin/../lib/gcc/arm-none-eabi/12.3.1/thumb/v7-m/nofp/crtbegin.o
 *(.init)
 .init          0x08006420        0x4 D:/STM32CubeIDE_1.15.1/STM32CubeIDE/plugins/com.st.stm32cube.ide.mcu.externaltools.gnu-tools-for-stm32.12.3.rel1.win32_1.0.100.202403111256/tools/bin/../lib/gcc/arm-none-eabi/12.3.1/thumb/v7-m/nofp/crti.o
                0x08006420                _init
 .init          0x08006424        0x8 D:/STM32CubeIDE_1.15.1/STM32CubeIDE/plugins/com.st.stm32cube.ide.mcu.externaltools.gnu-tools-for-stm32.12.3.rel1.win32_1.0.100.202403111256/tools/bin/../lib/gcc/arm-none-eabi/12.3.1/thumb/v7-m/nofp/crtn.o
 *(.fini)
 .fini          0x0800642c        0x4 D:/STM32CubeIDE_1.15.1/STM32CubeIDE/plugins/com.st.stm32cube.ide.mcu.externaltools.gnu-tools-for-stm32.12.3.rel1.win32_1.0.100.202403111256/tools/bin/../lib/gcc/arm-none-eabi/12.3.1/thumb/v7-m/nofp/crti.o
                0x0800642c                _fini
 .fini          0x08006430        0x8 D:/STM32CubeIDE_1.15.1/STM32CubeIDE/plugins/com.st.stm32cube.ide.mcu.externaltools.gnu-tools-for-stm32.12.3.rel1.win32_1.0.100.202403111256/tools/bin/../lib/gcc/arm-none-eabi/12.3.1/thumb/v7-m/nofp/crtn.o
                0x08006438                        . = ALIGN (0x4)
                0x08006438                        _etext = .

.vfp11_veneer   0x08006438        0x0
 .vfp11_veneer  0x08006438        0x0 linker stubs

.v4_bx          0x08006438        0x0
 .v4_bx         0x08006438        0x0 linker stubs

.iplt           0x08006438        0x0
 .iplt          0x08006438        0x0 D:/STM32CubeIDE_1.15.1/STM32CubeIDE/plugins/com.st.stm32cube.ide.mcu.externaltools.gnu-tools-for-stm32.12.3.rel1.win32_1.0.100.202403111256/tools/bin/../lib/gcc/arm-none-eabi/12.3.1/thumb/v7-m/nofp/crtbegin.o

.rodata         0x08006438      0x8a8
                0x08006438                        . = ALIGN (0x4)
 *(.rodata)
 .rodata        0x08006438       0x34 ./Core/Src/main.o
 *(.rodata*)
 .rodata.F6x8   0x0800646c      0x228 ./Core/Src/oled.o
                0x0800646c                F6x8
 .rodata.F8X16  0x08006694      0x5f0 ./Core/Src/oled.o
                0x08006694                F8X16
 .rodata.AHBPrescTable
                0x08006c84       0x10 ./Core/Src/system_stm32f1xx.o
                0x08006c84                AHBPrescTable
 .rodata.APBPrescTable
                0x08006c94        0x8 ./Core/Src/system_stm32f1xx.o
                0x08006c94                APBPrescTable
 .rodata.aPLLMULFactorTable.1
                0x08006c9c       0x10 ./Drivers/STM32F1xx_HAL_Driver/Src/stm32f1xx_hal_rcc.o
 .rodata.aPredivFactorTable.0
                0x08006cac        0x2 ./Drivers/STM32F1xx_HAL_Driver/Src/stm32f1xx_hal_rcc.o
 *fill*         0x08006cae        0x2 
 .rodata.dp_l   0x08006cb0       0x10 D:/STM32CubeIDE_1.15.1/STM32CubeIDE/plugins/com.st.stm32cube.ide.mcu.externaltools.gnu-tools-for-stm32.12.3.rel1.win32_1.0.100.202403111256/tools/bin/../lib/gcc/arm-none-eabi/12.3.1/../../../../arm-none-eabi/lib/thumb/v7-m/nofp\libm.a(libm_a-e_pow.o)
 .rodata.dp_h   0x08006cc0       0x10 D:/STM32CubeIDE_1.15.1/STM32CubeIDE/plugins/com.st.stm32cube.ide.mcu.externaltools.gnu-tools-for-stm32.12.3.rel1.win32_1.0.100.202403111256/tools/bin/../lib/gcc/arm-none-eabi/12.3.1/../../../../arm-none-eabi/lib/thumb/v7-m/nofp\libm.a(libm_a-e_pow.o)
 .rodata.bp     0x08006cd0       0x10 D:/STM32CubeIDE_1.15.1/STM32CubeIDE/plugins/com.st.stm32cube.ide.mcu.externaltools.gnu-tools-for-stm32.12.3.rel1.win32_1.0.100.202403111256/tools/bin/../lib/gcc/arm-none-eabi/12.3.1/../../../../arm-none-eabi/lib/thumb/v7-m/nofp\libm.a(libm_a-e_pow.o)
                0x08006ce0                        . = ALIGN (0x4)

.ARM.extab      0x08006ce0        0x0
                0x08006ce0                        . = ALIGN (0x4)
 *(.ARM.extab* .gnu.linkonce.armextab.*)
                0x08006ce0                        . = ALIGN (0x4)

.ARM            0x08006ce0        0x8
                0x08006ce0                        . = ALIGN (0x4)
                0x08006ce0                        __exidx_start = .
 *(.ARM.exidx*)
 .ARM.exidx     0x08006ce0        0x8 D:/STM32CubeIDE_1.15.1/STM32CubeIDE/plugins/com.st.stm32cube.ide.mcu.externaltools.gnu-tools-for-stm32.12.3.rel1.win32_1.0.100.202403111256/tools/bin/../lib/gcc/arm-none-eabi/12.3.1/../../../../arm-none-eabi/lib/thumb/v7-m/nofp\libc_nano.a(libc_a-strlen.o)
                0x08006ce8                        __exidx_end = .
                0x08006ce8                        . = ALIGN (0x4)

.preinit_array  0x08006ce8        0x0
                0x08006ce8                        . = ALIGN (0x4)
                0x08006ce8                        PROVIDE (__preinit_array_start = .)
 *(.preinit_array*)
                0x08006ce8                        PROVIDE (__preinit_array_end = .)
                0x08006ce8                        . = ALIGN (0x4)

.init_array     0x08006ce8        0x4
                0x08006ce8                        . = ALIGN (0x4)
                0x08006ce8                        PROVIDE (__init_array_start = .)
 *(SORT_BY_NAME(.init_array.*))
 *(.init_array*)
 .init_array    0x08006ce8        0x4 D:/STM32CubeIDE_1.15.1/STM32CubeIDE/plugins/com.st.stm32cube.ide.mcu.externaltools.gnu-tools-for-stm32.12.3.rel1.win32_1.0.100.202403111256/tools/bin/../lib/gcc/arm-none-eabi/12.3.1/thumb/v7-m/nofp/crtbegin.o
                0x08006cec                        PROVIDE (__init_array_end = .)
                0x08006cec                        . = ALIGN (0x4)

.fini_array     0x08006cec        0x4
                0x08006cec                        . = ALIGN (0x4)
                [!provide]                        PROVIDE (__fini_array_start = .)
 *(SORT_BY_NAME(.fini_array.*))
 *(.fini_array*)
 .fini_array    0x08006cec        0x4 D:/STM32CubeIDE_1.15.1/STM32CubeIDE/plugins/com.st.stm32cube.ide.mcu.externaltools.gnu-tools-for-stm32.12.3.rel1.win32_1.0.100.202403111256/tools/bin/../lib/gcc/arm-none-eabi/12.3.1/thumb/v7-m/nofp/crtbegin.o
                [!provide]                        PROVIDE (__fini_array_end = .)
                0x08006cf0                        . = ALIGN (0x4)
                0x08006cf0                        _sidata = LOADADDR (.data)

.rel.dyn        0x08006cf0        0x0
 .rel.iplt      0x08006cf0        0x0 D:/STM32CubeIDE_1.15.1/STM32CubeIDE/plugins/com.st.stm32cube.ide.mcu.externaltools.gnu-tools-for-stm32.12.3.rel1.win32_1.0.100.202403111256/tools/bin/../lib/gcc/arm-none-eabi/12.3.1/thumb/v7-m/nofp/crtbegin.o

.data           0x20000000      0x6c8 load address 0x08006cf0
                0x20000000                        . = ALIGN (0x4)
                0x20000000                        _sdata = .
 *(.data)
 *(.data*)
 .data.ov7725   0x20000000        0xa ./Core/Src/bsp_ov7725.o
                0x20000000                ov7725
 *fill*         0x2000000a        0x2 
 .data.cam_mode
                0x2000000c       0x14 ./Core/Src/bsp_ov7725.o
                0x2000000c                cam_mode
 .data.ov7725_init_reg_YUV
                0x20000020       0x9a ./Core/Src/bsp_ov7725.o
                0x20000020                ov7725_init_reg_YUV
 .data.OV7725_REG_YUV_NUM
                0x200000ba        0x1 ./Core/Src/bsp_ov7725.o
                0x200000ba                OV7725_REG_YUV_NUM
 *fill*         0x200000bb        0x1 
 .data.Mario_60
                0x200000bc      0x1e0 ./Core/Src/oled.o
                0x200000bc                Mario_60
 .data.Mario_120
                0x2000029c      0x3c0 ./Core/Src/oled.o
                0x2000029c                Mario_120
 .data.SystemCoreClock
                0x2000065c        0x4 ./Core/Src/system_stm32f1xx.o
                0x2000065c                SystemCoreClock
 .data.uwTickPrio
                0x20000660        0x4 ./Drivers/STM32F1xx_HAL_Driver/Src/stm32f1xx_hal.o
                0x20000660                uwTickPrio
 .data.uwTickFreq
                0x20000664        0x1 ./Drivers/STM32F1xx_HAL_Driver/Src/stm32f1xx_hal.o
                0x20000664                uwTickFreq
 *fill*         0x20000665        0x3 
 .data._impure_ptr
                0x20000668        0x4 D:/STM32CubeIDE_1.15.1/STM32CubeIDE/plugins/com.st.stm32cube.ide.mcu.externaltools.gnu-tools-for-stm32.12.3.rel1.win32_1.0.100.202403111256/tools/bin/../lib/gcc/arm-none-eabi/12.3.1/../../../../arm-none-eabi/lib/thumb/v7-m/nofp\libc_nano.a(libc_a-impure.o)
                0x20000668                _impure_ptr
 .data._impure_data
                0x2000066c       0x4c D:/STM32CubeIDE_1.15.1/STM32CubeIDE/plugins/com.st.stm32cube.ide.mcu.externaltools.gnu-tools-for-stm32.12.3.rel1.win32_1.0.100.202403111256/tools/bin/../lib/gcc/arm-none-eabi/12.3.1/../../../../arm-none-eabi/lib/thumb/v7-m/nofp\libc_nano.a(libc_a-impure.o)
                0x2000066c                _impure_data
 .data.tiny     0x200006b8        0x8 D:/STM32CubeIDE_1.15.1/STM32CubeIDE/plugins/com.st.stm32cube.ide.mcu.externaltools.gnu-tools-for-stm32.12.3.rel1.win32_1.0.100.202403111256/tools/bin/../lib/gcc/arm-none-eabi/12.3.1/../../../../arm-none-eabi/lib/thumb/v7-m/nofp\libm.a(libm_a-e_sqrt.o)
 .data.one      0x200006c0        0x8 D:/STM32CubeIDE_1.15.1/STM32CubeIDE/plugins/com.st.stm32cube.ide.mcu.externaltools.gnu-tools-for-stm32.12.3.rel1.win32_1.0.100.202403111256/tools/bin/../lib/gcc/arm-none-eabi/12.3.1/../../../../arm-none-eabi/lib/thumb/v7-m/nofp\libm.a(libm_a-e_sqrt.o)
 *(.RamFunc)
 *(.RamFunc*)
                0x200006c8                        . = ALIGN (0x4)
                0x200006c8                        _edata = .

.igot.plt       0x200006c8        0x0 load address 0x080073b8
 .igot.plt      0x200006c8        0x0 D:/STM32CubeIDE_1.15.1/STM32CubeIDE/plugins/com.st.stm32cube.ide.mcu.externaltools.gnu-tools-for-stm32.12.3.rel1.win32_1.0.100.202403111256/tools/bin/../lib/gcc/arm-none-eabi/12.3.1/thumb/v7-m/nofp/crtbegin.o
                0x200006c8                        . = ALIGN (0x4)

.bss            0x200006c8     0x42e0 load address 0x080073b8
                0x200006c8                        _sbss = .
                0x200006c8                        __bss_start__ = _sbss
 *(.bss)
 .bss           0x200006c8       0x1c D:/STM32CubeIDE_1.15.1/STM32CubeIDE/plugins/com.st.stm32cube.ide.mcu.externaltools.gnu-tools-for-stm32.12.3.rel1.win32_1.0.100.202403111256/tools/bin/../lib/gcc/arm-none-eabi/12.3.1/thumb/v7-m/nofp/crtbegin.o
 *(.bss*)
 .bss.Img       0x200006e4     0x2000 ./Core/Src/bsp_ov7725.o
                0x200006e4                Img
 .bss.Img1      0x200026e4     0x2000 ./Core/Src/bsp_ov7725.o
                0x200026e4                Img1
 .bss.hi2c1     0x200046e4       0x54 ./Core/Src/i2c.o
                0x200046e4                hi2c1
 .bss.Ov7725_vsync
                0x20004738        0x1 ./Core/Src/main.o
                0x20004738                Ov7725_vsync
 .bss.frame_count
                0x20004739        0x1 ./Core/Src/main.o
                0x20004739                frame_count
 .bss.oled_page
                0x2000473a        0x1 ./Core/Src/main.o
                0x2000473a                oled_page
 .bss.oled_mode
                0x2000473b        0x1 ./Core/Src/main.o
                0x2000473b                oled_mode
 .bss.oled_erro_code
                0x2000473c        0x1 ./Core/Src/oled.o
                0x2000473c                oled_erro_code
 *fill*         0x2000473d        0x3 
 .bss.hspi1     0x20004740       0x58 ./Core/Src/spi.o
                0x20004740                hspi1
 .bss.hdma_spi1_tx
                0x20004798       0x44 ./Core/Src/spi.o
                0x20004798                hdma_spi1_tx
 .bss.huart1    0x200047dc       0x48 ./Core/Src/usart.o
                0x200047dc                huart1
 .bss.huart2    0x20004824       0x48 ./Core/Src/usart.o
                0x20004824                huart2
 .bss.uwTick    0x2000486c        0x4 ./Drivers/STM32F1xx_HAL_Driver/Src/stm32f1xx_hal.o
                0x2000486c                uwTick
 .bss.__sf      0x20004870      0x138 D:/STM32CubeIDE_1.15.1/STM32CubeIDE/plugins/com.st.stm32cube.ide.mcu.externaltools.gnu-tools-for-stm32.12.3.rel1.win32_1.0.100.202403111256/tools/bin/../lib/gcc/arm-none-eabi/12.3.1/../../../../arm-none-eabi/lib/thumb/v7-m/nofp\libc_nano.a(libc_a-findfp.o)
                0x20004870                __sf
 *(COMMON)
                0x200049a8                        . = ALIGN (0x4)
                0x200049a8                        _ebss = .
                0x200049a8                        __bss_end__ = _ebss

._user_heap_stack
                0x200049a8      0x600 load address 0x080073b8
                0x200049a8                        . = ALIGN (0x8)
                [!provide]                        PROVIDE (end = .)
                0x200049a8                        PROVIDE (_end = .)
                0x20004ba8                        . = (. + _Min_Heap_Size)
 *fill*         0x200049a8      0x200 
                0x20004fa8                        . = (. + _Min_Stack_Size)
 *fill*         0x20004ba8      0x400 
                0x20004fa8                        . = ALIGN (0x8)

/DISCARD/
 libc.a(*)
 libm.a(*)
 libgcc.a(*)

.ARM.attributes
                0x00000000       0x29
 *(.ARM.attributes)
 .ARM.attributes
                0x00000000       0x1d D:/STM32CubeIDE_1.15.1/STM32CubeIDE/plugins/com.st.stm32cube.ide.mcu.externaltools.gnu-tools-for-stm32.12.3.rel1.win32_1.0.100.202403111256/tools/bin/../lib/gcc/arm-none-eabi/12.3.1/thumb/v7-m/nofp/crti.o
 .ARM.attributes
                0x0000001d       0x2d D:/STM32CubeIDE_1.15.1/STM32CubeIDE/plugins/com.st.stm32cube.ide.mcu.externaltools.gnu-tools-for-stm32.12.3.rel1.win32_1.0.100.202403111256/tools/bin/../lib/gcc/arm-none-eabi/12.3.1/thumb/v7-m/nofp/crtbegin.o
 .ARM.attributes
                0x0000004a       0x2d ./Core/Src/bsp_ov7725.o
 .ARM.attributes
                0x00000077       0x2d ./Core/Src/bsp_sccb.o
 .ARM.attributes
                0x000000a4       0x2d ./Core/Src/dma.o
 .ARM.attributes
                0x000000d1       0x2d ./Core/Src/gpio.o
 .ARM.attributes
                0x000000fe       0x2d ./Core/Src/i2c.o
 .ARM.attributes
                0x0000012b       0x2d ./Core/Src/main.o
 .ARM.attributes
                0x00000158       0x2d ./Core/Src/oled.o
 .ARM.attributes
                0x00000185       0x2d ./Core/Src/spi.o
 .ARM.attributes
                0x000001b2       0x2d ./Core/Src/stm32f1xx_hal_msp.o
 .ARM.attributes
                0x000001df       0x2d ./Core/Src/stm32f1xx_it.o
 .ARM.attributes
                0x0000020c       0x2d ./Core/Src/system_stm32f1xx.o
 .ARM.attributes
                0x00000239       0x2d ./Core/Src/usart.o
 .ARM.attributes
                0x00000266       0x21 ./Core/Startup/startup_stm32f103vetx.o
 .ARM.attributes
                0x00000287       0x2d ./Drivers/STM32F1xx_HAL_Driver/Src/stm32f1xx_hal.o
 .ARM.attributes
                0x000002b4       0x2d ./Drivers/STM32F1xx_HAL_Driver/Src/stm32f1xx_hal_cortex.o
 .ARM.attributes
                0x000002e1       0x2d ./Drivers/STM32F1xx_HAL_Driver/Src/stm32f1xx_hal_dma.o
 .ARM.attributes
                0x0000030e       0x2d ./Drivers/STM32F1xx_HAL_Driver/Src/stm32f1xx_hal_gpio.o
 .ARM.attributes
                0x0000033b       0x2d ./Drivers/STM32F1xx_HAL_Driver/Src/stm32f1xx_hal_i2c.o
 .ARM.attributes
                0x00000368       0x2d ./Drivers/STM32F1xx_HAL_Driver/Src/stm32f1xx_hal_rcc.o
 .ARM.attributes
                0x00000395       0x2d ./Drivers/STM32F1xx_HAL_Driver/Src/stm32f1xx_hal_spi.o
 .ARM.attributes
                0x000003c2       0x2d ./Drivers/STM32F1xx_HAL_Driver/Src/stm32f1xx_hal_uart.o
 .ARM.attributes
                0x000003ef       0x2d D:/STM32CubeIDE_1.15.1/STM32CubeIDE/plugins/com.st.stm32cube.ide.mcu.externaltools.gnu-tools-for-stm32.12.3.rel1.win32_1.0.100.202403111256/tools/bin/../lib/gcc/arm-none-eabi/12.3.1/../../../../arm-none-eabi/lib/thumb/v7-m/nofp\libc_nano.a(libc_a-findfp.o)
 .ARM.attributes
                0x0000041c       0x2d D:/STM32CubeIDE_1.15.1/STM32CubeIDE/plugins/com.st.stm32cube.ide.mcu.externaltools.gnu-tools-for-stm32.12.3.rel1.win32_1.0.100.202403111256/tools/bin/../lib/gcc/arm-none-eabi/12.3.1/../../../../arm-none-eabi/lib/thumb/v7-m/nofp\libc_nano.a(libc_a-memset.o)
 .ARM.attributes
                0x00000449       0x2d D:/STM32CubeIDE_1.15.1/STM32CubeIDE/plugins/com.st.stm32cube.ide.mcu.externaltools.gnu-tools-for-stm32.12.3.rel1.win32_1.0.100.202403111256/tools/bin/../lib/gcc/arm-none-eabi/12.3.1/../../../../arm-none-eabi/lib/thumb/v7-m/nofp\libc_nano.a(libc_a-impure.o)
 .ARM.attributes
                0x00000476       0x2d D:/STM32CubeIDE_1.15.1/STM32CubeIDE/plugins/com.st.stm32cube.ide.mcu.externaltools.gnu-tools-for-stm32.12.3.rel1.win32_1.0.100.202403111256/tools/bin/../lib/gcc/arm-none-eabi/12.3.1/../../../../arm-none-eabi/lib/thumb/v7-m/nofp\libc_nano.a(libc_a-errno.o)
 .ARM.attributes
                0x000004a3       0x2d D:/STM32CubeIDE_1.15.1/STM32CubeIDE/plugins/com.st.stm32cube.ide.mcu.externaltools.gnu-tools-for-stm32.12.3.rel1.win32_1.0.100.202403111256/tools/bin/../lib/gcc/arm-none-eabi/12.3.1/../../../../arm-none-eabi/lib/thumb/v7-m/nofp\libc_nano.a(libc_a-init.o)
 .ARM.attributes
                0x000004d0       0x17 D:/STM32CubeIDE_1.15.1/STM32CubeIDE/plugins/com.st.stm32cube.ide.mcu.externaltools.gnu-tools-for-stm32.12.3.rel1.win32_1.0.100.202403111256/tools/bin/../lib/gcc/arm-none-eabi/12.3.1/../../../../arm-none-eabi/lib/thumb/v7-m/nofp\libc_nano.a(libc_a-strlen.o)
 .ARM.attributes
                0x000004e7       0x2d D:/STM32CubeIDE_1.15.1/STM32CubeIDE/plugins/com.st.stm32cube.ide.mcu.externaltools.gnu-tools-for-stm32.12.3.rel1.win32_1.0.100.202403111256/tools/bin/../lib/gcc/arm-none-eabi/12.3.1/../../../../arm-none-eabi/lib/thumb/v7-m/nofp\libm.a(libm_a-w_pow.o)
 .ARM.attributes
                0x00000514       0x2d D:/STM32CubeIDE_1.15.1/STM32CubeIDE/plugins/com.st.stm32cube.ide.mcu.externaltools.gnu-tools-for-stm32.12.3.rel1.win32_1.0.100.202403111256/tools/bin/../lib/gcc/arm-none-eabi/12.3.1/../../../../arm-none-eabi/lib/thumb/v7-m/nofp\libm.a(libm_a-s_finite.o)
 .ARM.attributes
                0x00000541       0x2d D:/STM32CubeIDE_1.15.1/STM32CubeIDE/plugins/com.st.stm32cube.ide.mcu.externaltools.gnu-tools-for-stm32.12.3.rel1.win32_1.0.100.202403111256/tools/bin/../lib/gcc/arm-none-eabi/12.3.1/../../../../arm-none-eabi/lib/thumb/v7-m/nofp\libm.a(libm_a-e_pow.o)
 .ARM.attributes
                0x0000056e       0x2d D:/STM32CubeIDE_1.15.1/STM32CubeIDE/plugins/com.st.stm32cube.ide.mcu.externaltools.gnu-tools-for-stm32.12.3.rel1.win32_1.0.100.202403111256/tools/bin/../lib/gcc/arm-none-eabi/12.3.1/../../../../arm-none-eabi/lib/thumb/v7-m/nofp\libm.a(libm_a-s_fabs.o)
 .ARM.attributes
                0x0000059b       0x2d D:/STM32CubeIDE_1.15.1/STM32CubeIDE/plugins/com.st.stm32cube.ide.mcu.externaltools.gnu-tools-for-stm32.12.3.rel1.win32_1.0.100.202403111256/tools/bin/../lib/gcc/arm-none-eabi/12.3.1/../../../../arm-none-eabi/lib/thumb/v7-m/nofp\libm.a(libm_a-s_scalbn.o)
 .ARM.attributes
                0x000005c8       0x2d D:/STM32CubeIDE_1.15.1/STM32CubeIDE/plugins/com.st.stm32cube.ide.mcu.externaltools.gnu-tools-for-stm32.12.3.rel1.win32_1.0.100.202403111256/tools/bin/../lib/gcc/arm-none-eabi/12.3.1/../../../../arm-none-eabi/lib/thumb/v7-m/nofp\libm.a(libm_a-math_err.o)
 .ARM.attributes
                0x000005f5       0x2d D:/STM32CubeIDE_1.15.1/STM32CubeIDE/plugins/com.st.stm32cube.ide.mcu.externaltools.gnu-tools-for-stm32.12.3.rel1.win32_1.0.100.202403111256/tools/bin/../lib/gcc/arm-none-eabi/12.3.1/../../../../arm-none-eabi/lib/thumb/v7-m/nofp\libm.a(libm_a-e_sqrt.o)
 .ARM.attributes
                0x00000622       0x1d D:/STM32CubeIDE_1.15.1/STM32CubeIDE/plugins/com.st.stm32cube.ide.mcu.externaltools.gnu-tools-for-stm32.12.3.rel1.win32_1.0.100.202403111256/tools/bin/../lib/gcc/arm-none-eabi/12.3.1/thumb/v7-m/nofp\libgcc.a(_arm_addsubdf3.o)
 .ARM.attributes
                0x0000063f       0x1d D:/STM32CubeIDE_1.15.1/STM32CubeIDE/plugins/com.st.stm32cube.ide.mcu.externaltools.gnu-tools-for-stm32.12.3.rel1.win32_1.0.100.202403111256/tools/bin/../lib/gcc/arm-none-eabi/12.3.1/thumb/v7-m/nofp\libgcc.a(_arm_muldivdf3.o)
 .ARM.attributes
                0x0000065c       0x1d D:/STM32CubeIDE_1.15.1/STM32CubeIDE/plugins/com.st.stm32cube.ide.mcu.externaltools.gnu-tools-for-stm32.12.3.rel1.win32_1.0.100.202403111256/tools/bin/../lib/gcc/arm-none-eabi/12.3.1/thumb/v7-m/nofp\libgcc.a(_arm_cmpdf2.o)
 .ARM.attributes
                0x00000679       0x1d D:/STM32CubeIDE_1.15.1/STM32CubeIDE/plugins/com.st.stm32cube.ide.mcu.externaltools.gnu-tools-for-stm32.12.3.rel1.win32_1.0.100.202403111256/tools/bin/../lib/gcc/arm-none-eabi/12.3.1/thumb/v7-m/nofp\libgcc.a(_arm_unorddf2.o)
 .ARM.attributes
                0x00000696       0x1d D:/STM32CubeIDE_1.15.1/STM32CubeIDE/plugins/com.st.stm32cube.ide.mcu.externaltools.gnu-tools-for-stm32.12.3.rel1.win32_1.0.100.202403111256/tools/bin/../lib/gcc/arm-none-eabi/12.3.1/thumb/v7-m/nofp\libgcc.a(_arm_truncdfsf2.o)
 .ARM.attributes
                0x000006b3       0x1d D:/STM32CubeIDE_1.15.1/STM32CubeIDE/plugins/com.st.stm32cube.ide.mcu.externaltools.gnu-tools-for-stm32.12.3.rel1.win32_1.0.100.202403111256/tools/bin/../lib/gcc/arm-none-eabi/12.3.1/thumb/v7-m/nofp\libgcc.a(_arm_addsubsf3.o)
 .ARM.attributes
                0x000006d0       0x1d D:/STM32CubeIDE_1.15.1/STM32CubeIDE/plugins/com.st.stm32cube.ide.mcu.externaltools.gnu-tools-for-stm32.12.3.rel1.win32_1.0.100.202403111256/tools/bin/../lib/gcc/arm-none-eabi/12.3.1/thumb/v7-m/nofp\libgcc.a(_arm_muldivsf3.o)
 .ARM.attributes
                0x000006ed       0x1d D:/STM32CubeIDE_1.15.1/STM32CubeIDE/plugins/com.st.stm32cube.ide.mcu.externaltools.gnu-tools-for-stm32.12.3.rel1.win32_1.0.100.202403111256/tools/bin/../lib/gcc/arm-none-eabi/12.3.1/thumb/v7-m/nofp\libgcc.a(_arm_cmpsf2.o)
 .ARM.attributes
                0x0000070a       0x1d D:/STM32CubeIDE_1.15.1/STM32CubeIDE/plugins/com.st.stm32cube.ide.mcu.externaltools.gnu-tools-for-stm32.12.3.rel1.win32_1.0.100.202403111256/tools/bin/../lib/gcc/arm-none-eabi/12.3.1/thumb/v7-m/nofp/crtn.o
OUTPUT(cube_IDE_DEMO.elf elf32-littlearm)
LOAD linker stubs
LOAD D:/STM32CubeIDE_1.15.1/STM32CubeIDE/plugins/com.st.stm32cube.ide.mcu.externaltools.gnu-tools-for-stm32.12.3.rel1.win32_1.0.100.202403111256/tools/bin/../lib/gcc/arm-none-eabi/12.3.1/../../../../arm-none-eabi/lib/thumb/v7-m/nofp\libc.a
LOAD D:/STM32CubeIDE_1.15.1/STM32CubeIDE/plugins/com.st.stm32cube.ide.mcu.externaltools.gnu-tools-for-stm32.12.3.rel1.win32_1.0.100.202403111256/tools/bin/../lib/gcc/arm-none-eabi/12.3.1/../../../../arm-none-eabi/lib/thumb/v7-m/nofp\libm.a
LOAD D:/STM32CubeIDE_1.15.1/STM32CubeIDE/plugins/com.st.stm32cube.ide.mcu.externaltools.gnu-tools-for-stm32.12.3.rel1.win32_1.0.100.202403111256/tools/bin/../lib/gcc/arm-none-eabi/12.3.1/thumb/v7-m/nofp\libgcc.a

.debug_info     0x00000000     0xdaad
 .debug_info    0x00000000      0x856 ./Core/Src/bsp_ov7725.o
 .debug_info    0x00000856      0x301 ./Core/Src/bsp_sccb.o
 .debug_info    0x00000b57      0x335 ./Core/Src/dma.o
 .debug_info    0x00000e8c      0x4b4 ./Core/Src/gpio.o
 .debug_info    0x00001340      0x7e3 ./Core/Src/i2c.o
 .debug_info    0x00001b23      0x6a4 ./Core/Src/main.o
 .debug_info    0x000021c7      0xa18 ./Core/Src/oled.o
 .debug_info    0x00002bdf      0x7fb ./Core/Src/spi.o
 .debug_info    0x000033da      0x1f1 ./Core/Src/stm32f1xx_hal_msp.o
 .debug_info    0x000035cb      0x738 ./Core/Src/stm32f1xx_it.o
 .debug_info    0x00003d03      0x222 ./Core/Src/system_stm32f1xx.o
 .debug_info    0x00003f25      0xae3 ./Core/Src/usart.o
 .debug_info    0x00004a08       0x30 ./Core/Startup/startup_stm32f103vetx.o
 .debug_info    0x00004a38      0x76a ./Drivers/STM32F1xx_HAL_Driver/Src/stm32f1xx_hal.o
 .debug_info    0x000051a2      0xaed ./Drivers/STM32F1xx_HAL_Driver/Src/stm32f1xx_hal_cortex.o
 .debug_info    0x00005c8f      0x6d2 ./Drivers/STM32F1xx_HAL_Driver/Src/stm32f1xx_hal_dma.o
 .debug_info    0x00006361      0x5ab ./Drivers/STM32F1xx_HAL_Driver/Src/stm32f1xx_hal_gpio.o
 .debug_info    0x0000690c     0x2515 ./Drivers/STM32F1xx_HAL_Driver/Src/stm32f1xx_hal_i2c.o
 .debug_info    0x00008e21      0x7d5 ./Drivers/STM32F1xx_HAL_Driver/Src/stm32f1xx_hal_rcc.o
 .debug_info    0x000095f6     0x150f ./Drivers/STM32F1xx_HAL_Driver/Src/stm32f1xx_hal_spi.o
 .debug_info    0x0000ab05     0x2fa8 ./Drivers/STM32F1xx_HAL_Driver/Src/stm32f1xx_hal_uart.o

.debug_abbrev   0x00000000     0x2951
 .debug_abbrev  0x00000000      0x27e ./Core/Src/bsp_ov7725.o
 .debug_abbrev  0x0000027e      0x1b6 ./Core/Src/bsp_sccb.o
 .debug_abbrev  0x00000434       0xfc ./Core/Src/dma.o
 .debug_abbrev  0x00000530      0x161 ./Core/Src/gpio.o
 .debug_abbrev  0x00000691      0x1de ./Core/Src/i2c.o
 .debug_abbrev  0x0000086f      0x2d3 ./Core/Src/main.o
 .debug_abbrev  0x00000b42      0x250 ./Core/Src/oled.o
 .debug_abbrev  0x00000d92      0x1f4 ./Core/Src/spi.o
 .debug_abbrev  0x00000f86       0xdb ./Core/Src/stm32f1xx_hal_msp.o
 .debug_abbrev  0x00001061      0x1bc ./Core/Src/stm32f1xx_it.o
 .debug_abbrev  0x0000121d      0x13f ./Core/Src/system_stm32f1xx.o
 .debug_abbrev  0x0000135c      0x231 ./Core/Src/usart.o
 .debug_abbrev  0x0000158d       0x24 ./Core/Startup/startup_stm32f103vetx.o
 .debug_abbrev  0x000015b1      0x201 ./Drivers/STM32F1xx_HAL_Driver/Src/stm32f1xx_hal.o
 .debug_abbrev  0x000017b2      0x2f8 ./Drivers/STM32F1xx_HAL_Driver/Src/stm32f1xx_hal_cortex.o
 .debug_abbrev  0x00001aaa      0x20b ./Drivers/STM32F1xx_HAL_Driver/Src/stm32f1xx_hal_dma.o
 .debug_abbrev  0x00001cb5      0x1ca ./Drivers/STM32F1xx_HAL_Driver/Src/stm32f1xx_hal_gpio.o
 .debug_abbrev  0x00001e7f      0x2a3 ./Drivers/STM32F1xx_HAL_Driver/Src/stm32f1xx_hal_i2c.o
 .debug_abbrev  0x00002122      0x2b3 ./Drivers/STM32F1xx_HAL_Driver/Src/stm32f1xx_hal_rcc.o
 .debug_abbrev  0x000023d5      0x284 ./Drivers/STM32F1xx_HAL_Driver/Src/stm32f1xx_hal_spi.o
 .debug_abbrev  0x00002659      0x2f8 ./Drivers/STM32F1xx_HAL_Driver/Src/stm32f1xx_hal_uart.o

.debug_aranges  0x00000000      0xd38
 .debug_aranges
                0x00000000       0x78 ./Core/Src/bsp_ov7725.o
 .debug_aranges
                0x00000078       0x68 ./Core/Src/bsp_sccb.o
 .debug_aranges
                0x000000e0       0x20 ./Core/Src/dma.o
 .debug_aranges
                0x00000100       0x20 ./Core/Src/gpio.o
 .debug_aranges
                0x00000120       0x30 ./Core/Src/i2c.o
 .debug_aranges
                0x00000150       0x48 ./Core/Src/main.o
 .debug_aranges
                0x00000198       0x70 ./Core/Src/oled.o
 .debug_aranges
                0x00000208       0x30 ./Core/Src/spi.o
 .debug_aranges
                0x00000238       0x20 ./Core/Src/stm32f1xx_hal_msp.o
 .debug_aranges
                0x00000258       0x88 ./Core/Src/stm32f1xx_it.o
 .debug_aranges
                0x000002e0       0x28 ./Core/Src/system_stm32f1xx.o
 .debug_aranges
                0x00000308       0x40 ./Core/Src/usart.o
 .debug_aranges
                0x00000348       0x28 ./Core/Startup/startup_stm32f103vetx.o
 .debug_aranges
                0x00000370       0xe0 ./Drivers/STM32F1xx_HAL_Driver/Src/stm32f1xx_hal.o
 .debug_aranges
                0x00000450      0x100 ./Drivers/STM32F1xx_HAL_Driver/Src/stm32f1xx_hal_cortex.o
 .debug_aranges
                0x00000550       0x80 ./Drivers/STM32F1xx_HAL_Driver/Src/stm32f1xx_hal_dma.o
 .debug_aranges
                0x000005d0       0x58 ./Drivers/STM32F1xx_HAL_Driver/Src/stm32f1xx_hal_gpio.o
 .debug_aranges
                0x00000628      0x2a8 ./Drivers/STM32F1xx_HAL_Driver/Src/stm32f1xx_hal_i2c.o
 .debug_aranges
                0x000008d0       0x90 ./Drivers/STM32F1xx_HAL_Driver/Src/stm32f1xx_hal_rcc.o
 .debug_aranges
                0x00000960      0x1d0 ./Drivers/STM32F1xx_HAL_Driver/Src/stm32f1xx_hal_spi.o
 .debug_aranges
                0x00000b30      0x208 ./Drivers/STM32F1xx_HAL_Driver/Src/stm32f1xx_hal_uart.o

.debug_rnglists
                0x00000000      0xa39
 .debug_rnglists
                0x00000000       0x5c ./Core/Src/bsp_ov7725.o
 .debug_rnglists
                0x0000005c       0x4a ./Core/Src/bsp_sccb.o
 .debug_rnglists
                0x000000a6       0x13 ./Core/Src/dma.o
 .debug_rnglists
                0x000000b9       0x14 ./Core/Src/gpio.o
 .debug_rnglists
                0x000000cd       0x1f ./Core/Src/i2c.o
 .debug_rnglists
                0x000000ec       0x34 ./Core/Src/main.o
 .debug_rnglists
                0x00000120       0x53 ./Core/Src/oled.o
 .debug_rnglists
                0x00000173       0x20 ./Core/Src/spi.o
 .debug_rnglists
                0x00000193       0x13 ./Core/Src/stm32f1xx_hal_msp.o
 .debug_rnglists
                0x000001a6       0x61 ./Core/Src/stm32f1xx_it.o
 .debug_rnglists
                0x00000207       0x1a ./Core/Src/system_stm32f1xx.o
 .debug_rnglists
                0x00000221       0x2c ./Core/Src/usart.o
 .debug_rnglists
                0x0000024d       0x19 ./Core/Startup/startup_stm32f103vetx.o
 .debug_rnglists
                0x00000266       0xa3 ./Drivers/STM32F1xx_HAL_Driver/Src/stm32f1xx_hal.o
 .debug_rnglists
                0x00000309       0xbb ./Drivers/STM32F1xx_HAL_Driver/Src/stm32f1xx_hal_cortex.o
 .debug_rnglists
                0x000003c4       0x64 ./Drivers/STM32F1xx_HAL_Driver/Src/stm32f1xx_hal_dma.o
 .debug_rnglists
                0x00000428       0x3f ./Drivers/STM32F1xx_HAL_Driver/Src/stm32f1xx_hal_gpio.o
 .debug_rnglists
                0x00000467      0x23c ./Drivers/STM32F1xx_HAL_Driver/Src/stm32f1xx_hal_i2c.o
 .debug_rnglists
                0x000006a3       0x6c ./Drivers/STM32F1xx_HAL_Driver/Src/stm32f1xx_hal_rcc.o
 .debug_rnglists
                0x0000070f      0x16e ./Drivers/STM32F1xx_HAL_Driver/Src/stm32f1xx_hal_spi.o
 .debug_rnglists
                0x0000087d      0x1bc ./Drivers/STM32F1xx_HAL_Driver/Src/stm32f1xx_hal_uart.o

.debug_macro    0x00000000    0x1b410
 .debug_macro   0x00000000      0x1c7 ./Core/Src/bsp_ov7725.o
 .debug_macro   0x000001c7      0xaa8 ./Core/Src/bsp_ov7725.o
 .debug_macro   0x00000c6f      0x227 ./Core/Src/bsp_ov7725.o
 .debug_macro   0x00000e96       0x2e ./Core/Src/bsp_ov7725.o
 .debug_macro   0x00000ec4       0x22 ./Core/Src/bsp_ov7725.o
 .debug_macro   0x00000ee6       0x22 ./Core/Src/bsp_ov7725.o
 .debug_macro   0x00000f08       0x8e ./Core/Src/bsp_ov7725.o
 .debug_macro   0x00000f96       0x51 ./Core/Src/bsp_ov7725.o
 .debug_macro   0x00000fe7      0x103 ./Core/Src/bsp_ov7725.o
 .debug_macro   0x000010ea       0x6a ./Core/Src/bsp_ov7725.o
 .debug_macro   0x00001154      0x1df ./Core/Src/bsp_ov7725.o
 .debug_macro   0x00001333       0x1c ./Core/Src/bsp_ov7725.o
 .debug_macro   0x0000134f       0x22 ./Core/Src/bsp_ov7725.o
 .debug_macro   0x00001371       0xbd ./Core/Src/bsp_ov7725.o
 .debug_macro   0x0000142e      0xd23 ./Core/Src/bsp_ov7725.o
 .debug_macro   0x00002151     0xfd8c ./Core/Src/bsp_ov7725.o
 .debug_macro   0x00011edd       0x6d ./Core/Src/bsp_ov7725.o
 .debug_macro   0x00011f4a     0x348d ./Core/Src/bsp_ov7725.o
 .debug_macro   0x000153d7      0x189 ./Core/Src/bsp_ov7725.o
 .debug_macro   0x00015560       0x5c ./Core/Src/bsp_ov7725.o
 .debug_macro   0x000155bc      0x5bc ./Core/Src/bsp_ov7725.o
 .debug_macro   0x00015b78      0x4d5 ./Core/Src/bsp_ov7725.o
 .debug_macro   0x0001604d      0x1cb ./Core/Src/bsp_ov7725.o
 .debug_macro   0x00016218      0x114 ./Core/Src/bsp_ov7725.o
 .debug_macro   0x0001632c      0x1ea ./Core/Src/bsp_ov7725.o
 .debug_macro   0x00016516       0x27 ./Core/Src/bsp_ov7725.o
 .debug_macro   0x0001653d      0x144 ./Core/Src/bsp_ov7725.o
 .debug_macro   0x00016681      0x1bc ./Core/Src/bsp_ov7725.o
 .debug_macro   0x0001683d       0x30 ./Core/Src/bsp_ov7725.o
 .debug_macro   0x0001686d       0x3c ./Core/Src/bsp_ov7725.o
 .debug_macro   0x000168a9       0x57 ./Core/Src/bsp_ov7725.o
 .debug_macro   0x00016900       0x87 ./Core/Src/bsp_ov7725.o
 .debug_macro   0x00016987      0x24f ./Core/Src/bsp_ov7725.o
 .debug_macro   0x00016bd6      0x287 ./Core/Src/bsp_ov7725.o
 .debug_macro   0x00016e5d      0x140 ./Core/Src/bsp_ov7725.o
 .debug_macro   0x00016f9d      0x217 ./Core/Src/bsp_ov7725.o
 .debug_macro   0x000171b4      0x28e ./Core/Src/bsp_ov7725.o
 .debug_macro   0x00017442       0xb5 ./Core/Src/bsp_ov7725.o
 .debug_macro   0x000174f7      0x15a ./Core/Src/bsp_ov7725.o
 .debug_macro   0x00017651      0x83a ./Core/Src/bsp_ov7725.o
 .debug_macro   0x00017e8b       0x34 ./Core/Src/bsp_ov7725.o
 .debug_macro   0x00017ebf      0x1c0 ./Core/Src/bsp_sccb.o
 .debug_macro   0x0001807f       0x2e ./Core/Src/bsp_sccb.o
 .debug_macro   0x000180ad      0x1bb ./Core/Src/dma.o
 .debug_macro   0x00018268      0x154 ./Core/Src/dma.o
 .debug_macro   0x000183bc      0x1bb ./Core/Src/gpio.o
 .debug_macro   0x00018577      0x1bb ./Core/Src/i2c.o
 .debug_macro   0x00018732      0x2da ./Core/Src/main.o
 .debug_macro   0x00018a0c       0x61 ./Core/Src/main.o
 .debug_macro   0x00018a6d       0x24 ./Core/Src/main.o
 .debug_macro   0x00018a91       0x43 ./Core/Src/main.o
 .debug_macro   0x00018ad4       0x34 ./Core/Src/main.o
 .debug_macro   0x00018b08       0x16 ./Core/Src/main.o
 .debug_macro   0x00018b1e       0x35 ./Core/Src/main.o
 .debug_macro   0x00018b53      0x369 ./Core/Src/main.o
 .debug_macro   0x00018ebc       0x10 ./Core/Src/main.o
 .debug_macro   0x00018ecc       0x16 ./Core/Src/main.o
 .debug_macro   0x00018ee2       0x43 ./Core/Src/main.o
 .debug_macro   0x00018f25       0x34 ./Core/Src/main.o
 .debug_macro   0x00018f59       0x10 ./Core/Src/main.o
 .debug_macro   0x00018f69       0x58 ./Core/Src/main.o
 .debug_macro   0x00018fc1       0x8e ./Core/Src/main.o
 .debug_macro   0x0001904f       0x1c ./Core/Src/main.o
 .debug_macro   0x0001906b      0x177 ./Core/Src/main.o
 .debug_macro   0x000191e2       0x16 ./Core/Src/main.o
 .debug_macro   0x000191f8       0x16 ./Core/Src/main.o
 .debug_macro   0x0001920e      0x146 ./Core/Src/main.o
 .debug_macro   0x00019354      0x840 ./Core/Src/main.o
 .debug_macro   0x00019b94      0x1dd ./Core/Src/oled.o
 .debug_macro   0x00019d71      0x1bb ./Core/Src/spi.o
 .debug_macro   0x00019f2c      0x1b1 ./Core/Src/stm32f1xx_hal_msp.o
 .debug_macro   0x0001a0dd      0x1ce ./Core/Src/stm32f1xx_it.o
 .debug_macro   0x0001a2ab      0x1a2 ./Core/Src/system_stm32f1xx.o
 .debug_macro   0x0001a44d      0x1bb ./Core/Src/usart.o
 .debug_macro   0x0001a608      0x1c6 ./Drivers/STM32F1xx_HAL_Driver/Src/stm32f1xx_hal.o
 .debug_macro   0x0001a7ce      0x1a2 ./Drivers/STM32F1xx_HAL_Driver/Src/stm32f1xx_hal_cortex.o
 .debug_macro   0x0001a970      0x1a2 ./Drivers/STM32F1xx_HAL_Driver/Src/stm32f1xx_hal_dma.o
 .debug_macro   0x0001ab12      0x20d ./Drivers/STM32F1xx_HAL_Driver/Src/stm32f1xx_hal_gpio.o
 .debug_macro   0x0001ad1f      0x1f0 ./Drivers/STM32F1xx_HAL_Driver/Src/stm32f1xx_hal_i2c.o
 .debug_macro   0x0001af0f      0x1b4 ./Drivers/STM32F1xx_HAL_Driver/Src/stm32f1xx_hal_rcc.o
 .debug_macro   0x0001b0c3      0x1aa ./Drivers/STM32F1xx_HAL_Driver/Src/stm32f1xx_hal_spi.o
 .debug_macro   0x0001b26d      0x1a3 ./Drivers/STM32F1xx_HAL_Driver/Src/stm32f1xx_hal_uart.o

.debug_line     0x00000000    0x126a7
 .debug_line    0x00000000      0xbbc ./Core/Src/bsp_ov7725.o
 .debug_line    0x00000bbc      0x8eb ./Core/Src/bsp_sccb.o
 .debug_line    0x000014a7      0x6f1 ./Core/Src/dma.o
 .debug_line    0x00001b98      0x768 ./Core/Src/gpio.o
 .debug_line    0x00002300      0x75b ./Core/Src/i2c.o
 .debug_line    0x00002a5b      0xa06 ./Core/Src/main.o
 .debug_line    0x00003461      0xa39 ./Core/Src/oled.o
 .debug_line    0x00003e9a      0x790 ./Core/Src/spi.o
 .debug_line    0x0000462a      0x6f6 ./Core/Src/stm32f1xx_hal_msp.o
 .debug_line    0x00004d20      0x844 ./Core/Src/stm32f1xx_it.o
 .debug_line    0x00005564      0x774 ./Core/Src/system_stm32f1xx.o
 .debug_line    0x00005cd8      0x805 ./Core/Src/usart.o
 .debug_line    0x000064dd       0x79 ./Core/Startup/startup_stm32f103vetx.o
 .debug_line    0x00006556      0x9a1 ./Drivers/STM32F1xx_HAL_Driver/Src/stm32f1xx_hal.o
 .debug_line    0x00006ef7      0xb8d ./Drivers/STM32F1xx_HAL_Driver/Src/stm32f1xx_hal_cortex.o
 .debug_line    0x00007a84     0x12cc ./Drivers/STM32F1xx_HAL_Driver/Src/stm32f1xx_hal_dma.o
 .debug_line    0x00008d50      0xa62 ./Drivers/STM32F1xx_HAL_Driver/Src/stm32f1xx_hal_gpio.o
 .debug_line    0x000097b2     0x3c0e ./Drivers/STM32F1xx_HAL_Driver/Src/stm32f1xx_hal_i2c.o
 .debug_line    0x0000d3c0      0xdaa ./Drivers/STM32F1xx_HAL_Driver/Src/stm32f1xx_hal_rcc.o
 .debug_line    0x0000e16a     0x1c53 ./Drivers/STM32F1xx_HAL_Driver/Src/stm32f1xx_hal_spi.o
 .debug_line    0x0000fdbd     0x28ea ./Drivers/STM32F1xx_HAL_Driver/Src/stm32f1xx_hal_uart.o

.debug_str      0x00000000    0x95836
 .debug_str     0x00000000    0x8e9c3 ./Core/Src/bsp_ov7725.o
                              0x8f4a8 (size before relaxing)
 .debug_str     0x0008e9c3      0x100 ./Core/Src/bsp_sccb.o
                              0x8e097 (size before relaxing)
 .debug_str     0x0008eac3      0x382 ./Core/Src/dma.o
                              0x8e1ec (size before relaxing)
 .debug_str     0x0008ee45       0x60 ./Core/Src/gpio.o
                              0x8e295 (size before relaxing)
 .debug_str     0x0008eea5      0x490 ./Core/Src/i2c.o
                              0x8e364 (size before relaxing)
 .debug_str     0x0008f335     0x39d1 ./Core/Src/main.o
                              0x92b0d (size before relaxing)
 .debug_str     0x00092d06      0x2be ./Core/Src/oled.o
                              0x8e3cb (size before relaxing)
 .debug_str     0x00092fc4       0x74 ./Core/Src/spi.o
                              0x8e2ea (size before relaxing)
 .debug_str     0x00093038       0x5a ./Core/Src/stm32f1xx_hal_msp.o
                              0x8de32 (size before relaxing)
 .debug_str     0x00093092      0x314 ./Core/Src/stm32f1xx_it.o
                              0x8f5af (size before relaxing)
 .debug_str     0x000933a6       0x7e ./Core/Src/system_stm32f1xx.o
                              0x8d9a4 (size before relaxing)
 .debug_str     0x00093424       0x74 ./Core/Src/usart.o
                              0x8e76b (size before relaxing)
 .debug_str     0x00093498       0x44 ./Core/Startup/startup_stm32f103vetx.o
                                 0x89 (size before relaxing)
 .debug_str     0x000934dc      0x37d ./Drivers/STM32F1xx_HAL_Driver/Src/stm32f1xx_hal.o
                              0x8e1bb (size before relaxing)
 .debug_str     0x00093859      0x294 ./Drivers/STM32F1xx_HAL_Driver/Src/stm32f1xx_hal_cortex.o
                              0x8e107 (size before relaxing)
 .debug_str     0x00093aed      0x206 ./Drivers/STM32F1xx_HAL_Driver/Src/stm32f1xx_hal_dma.o
                              0x8dd4d (size before relaxing)
 .debug_str     0x00093cf3      0x297 ./Drivers/STM32F1xx_HAL_Driver/Src/stm32f1xx_hal_gpio.o
                              0x8dd2a (size before relaxing)
 .debug_str     0x00093f8a      0xba7 ./Drivers/STM32F1xx_HAL_Driver/Src/stm32f1xx_hal_i2c.o
                              0x8ea6b (size before relaxing)
 .debug_str     0x00094b31      0x209 ./Drivers/STM32F1xx_HAL_Driver/Src/stm32f1xx_hal_rcc.o
                              0x8ddd3 (size before relaxing)
 .debug_str     0x00094d3a      0x50e ./Drivers/STM32F1xx_HAL_Driver/Src/stm32f1xx_hal_spi.o
                              0x8e2d6 (size before relaxing)
 .debug_str     0x00095248      0x5ee ./Drivers/STM32F1xx_HAL_Driver/Src/stm32f1xx_hal_uart.o
                              0x8e444 (size before relaxing)

.comment        0x00000000       0x43
 .comment       0x00000000       0x43 ./Core/Src/bsp_ov7725.o
                                 0x44 (size before relaxing)
 .comment       0x00000043       0x44 ./Core/Src/bsp_sccb.o
 .comment       0x00000043       0x44 ./Core/Src/dma.o
 .comment       0x00000043       0x44 ./Core/Src/gpio.o
 .comment       0x00000043       0x44 ./Core/Src/i2c.o
 .comment       0x00000043       0x44 ./Core/Src/main.o
 .comment       0x00000043       0x44 ./Core/Src/oled.o
 .comment       0x00000043       0x44 ./Core/Src/spi.o
 .comment       0x00000043       0x44 ./Core/Src/stm32f1xx_hal_msp.o
 .comment       0x00000043       0x44 ./Core/Src/stm32f1xx_it.o
 .comment       0x00000043       0x44 ./Core/Src/system_stm32f1xx.o
 .comment       0x00000043       0x44 ./Core/Src/usart.o
 .comment       0x00000043       0x44 ./Drivers/STM32F1xx_HAL_Driver/Src/stm32f1xx_hal.o
 .comment       0x00000043       0x44 ./Drivers/STM32F1xx_HAL_Driver/Src/stm32f1xx_hal_cortex.o
 .comment       0x00000043       0x44 ./Drivers/STM32F1xx_HAL_Driver/Src/stm32f1xx_hal_dma.o
 .comment       0x00000043       0x44 ./Drivers/STM32F1xx_HAL_Driver/Src/stm32f1xx_hal_gpio.o
 .comment       0x00000043       0x44 ./Drivers/STM32F1xx_HAL_Driver/Src/stm32f1xx_hal_i2c.o
 .comment       0x00000043       0x44 ./Drivers/STM32F1xx_HAL_Driver/Src/stm32f1xx_hal_rcc.o
 .comment       0x00000043       0x44 ./Drivers/STM32F1xx_HAL_Driver/Src/stm32f1xx_hal_spi.o
 .comment       0x00000043       0x44 ./Drivers/STM32F1xx_HAL_Driver/Src/stm32f1xx_hal_uart.o

.debug_frame    0x00000000     0x3bdc
 .debug_frame   0x00000000      0x1d4 ./Core/Src/bsp_ov7725.o
 .debug_frame   0x000001d4      0x154 ./Core/Src/bsp_sccb.o
 .debug_frame   0x00000328       0x34 ./Core/Src/dma.o
 .debug_frame   0x0000035c       0x34 ./Core/Src/gpio.o
 .debug_frame   0x00000390       0x74 ./Core/Src/i2c.o
 .debug_frame   0x00000404       0xe4 ./Core/Src/main.o
 .debug_frame   0x000004e8      0x184 ./Core/Src/oled.o
 .debug_frame   0x0000066c       0x74 ./Core/Src/spi.o
 .debug_frame   0x000006e0       0x38 ./Core/Src/stm32f1xx_hal_msp.o
 .debug_frame   0x00000718      0x190 ./Core/Src/stm32f1xx_it.o
 .debug_frame   0x000008a8       0x58 ./Core/Src/system_stm32f1xx.o
 .debug_frame   0x00000900       0xb4 ./Core/Src/usart.o
 .debug_frame   0x000009b4      0x334 ./Drivers/STM32F1xx_HAL_Driver/Src/stm32f1xx_hal.o
 .debug_frame   0x00000ce8      0x428 ./Drivers/STM32F1xx_HAL_Driver/Src/stm32f1xx_hal_cortex.o
 .debug_frame   0x00001110      0x20c ./Drivers/STM32F1xx_HAL_Driver/Src/stm32f1xx_hal_dma.o
 .debug_frame   0x0000131c      0x14c ./Drivers/STM32F1xx_HAL_Driver/Src/stm32f1xx_hal_gpio.o
 .debug_frame   0x00001468      0xc84 ./Drivers/STM32F1xx_HAL_Driver/Src/stm32f1xx_hal_i2c.o
 .debug_frame   0x000020ec      0x218 ./Drivers/STM32F1xx_HAL_Driver/Src/stm32f1xx_hal_rcc.o
 .debug_frame   0x00002304      0x824 ./Drivers/STM32F1xx_HAL_Driver/Src/stm32f1xx_hal_spi.o
 .debug_frame   0x00002b28      0x944 ./Drivers/STM32F1xx_HAL_Driver/Src/stm32f1xx_hal_uart.o
 .debug_frame   0x0000346c      0x144 D:/STM32CubeIDE_1.15.1/STM32CubeIDE/plugins/com.st.stm32cube.ide.mcu.externaltools.gnu-tools-for-stm32.12.3.rel1.win32_1.0.100.202403111256/tools/bin/../lib/gcc/arm-none-eabi/12.3.1/../../../../arm-none-eabi/lib/thumb/v7-m/nofp\libc_nano.a(libc_a-findfp.o)
 .debug_frame   0x000035b0       0x20 D:/STM32CubeIDE_1.15.1/STM32CubeIDE/plugins/com.st.stm32cube.ide.mcu.externaltools.gnu-tools-for-stm32.12.3.rel1.win32_1.0.100.202403111256/tools/bin/../lib/gcc/arm-none-eabi/12.3.1/../../../../arm-none-eabi/lib/thumb/v7-m/nofp\libc_nano.a(libc_a-memset.o)
 .debug_frame   0x000035d0       0x20 D:/STM32CubeIDE_1.15.1/STM32CubeIDE/plugins/com.st.stm32cube.ide.mcu.externaltools.gnu-tools-for-stm32.12.3.rel1.win32_1.0.100.202403111256/tools/bin/../lib/gcc/arm-none-eabi/12.3.1/../../../../arm-none-eabi/lib/thumb/v7-m/nofp\libc_nano.a(libc_a-errno.o)
 .debug_frame   0x000035f0       0x2c D:/STM32CubeIDE_1.15.1/STM32CubeIDE/plugins/com.st.stm32cube.ide.mcu.externaltools.gnu-tools-for-stm32.12.3.rel1.win32_1.0.100.202403111256/tools/bin/../lib/gcc/arm-none-eabi/12.3.1/../../../../arm-none-eabi/lib/thumb/v7-m/nofp\libc_nano.a(libc_a-init.o)
 .debug_frame   0x0000361c       0x34 D:/STM32CubeIDE_1.15.1/STM32CubeIDE/plugins/com.st.stm32cube.ide.mcu.externaltools.gnu-tools-for-stm32.12.3.rel1.win32_1.0.100.202403111256/tools/bin/../lib/gcc/arm-none-eabi/12.3.1/../../../../arm-none-eabi/lib/thumb/v7-m/nofp\libm.a(libm_a-w_pow.o)
 .debug_frame   0x00003650       0x20 D:/STM32CubeIDE_1.15.1/STM32CubeIDE/plugins/com.st.stm32cube.ide.mcu.externaltools.gnu-tools-for-stm32.12.3.rel1.win32_1.0.100.202403111256/tools/bin/../lib/gcc/arm-none-eabi/12.3.1/../../../../arm-none-eabi/lib/thumb/v7-m/nofp\libm.a(libm_a-s_finite.o)
 .debug_frame   0x00003670       0x78 D:/STM32CubeIDE_1.15.1/STM32CubeIDE/plugins/com.st.stm32cube.ide.mcu.externaltools.gnu-tools-for-stm32.12.3.rel1.win32_1.0.100.202403111256/tools/bin/../lib/gcc/arm-none-eabi/12.3.1/../../../../arm-none-eabi/lib/thumb/v7-m/nofp\libm.a(libm_a-e_pow.o)
 .debug_frame   0x000036e8       0x20 D:/STM32CubeIDE_1.15.1/STM32CubeIDE/plugins/com.st.stm32cube.ide.mcu.externaltools.gnu-tools-for-stm32.12.3.rel1.win32_1.0.100.202403111256/tools/bin/../lib/gcc/arm-none-eabi/12.3.1/../../../../arm-none-eabi/lib/thumb/v7-m/nofp\libm.a(libm_a-s_fabs.o)
 .debug_frame   0x00003708       0x30 D:/STM32CubeIDE_1.15.1/STM32CubeIDE/plugins/com.st.stm32cube.ide.mcu.externaltools.gnu-tools-for-stm32.12.3.rel1.win32_1.0.100.202403111256/tools/bin/../lib/gcc/arm-none-eabi/12.3.1/../../../../arm-none-eabi/lib/thumb/v7-m/nofp\libm.a(libm_a-s_scalbn.o)
 .debug_frame   0x00003738      0x11c D:/STM32CubeIDE_1.15.1/STM32CubeIDE/plugins/com.st.stm32cube.ide.mcu.externaltools.gnu-tools-for-stm32.12.3.rel1.win32_1.0.100.202403111256/tools/bin/../lib/gcc/arm-none-eabi/12.3.1/../../../../arm-none-eabi/lib/thumb/v7-m/nofp\libm.a(libm_a-math_err.o)
 .debug_frame   0x00003854       0x38 D:/STM32CubeIDE_1.15.1/STM32CubeIDE/plugins/com.st.stm32cube.ide.mcu.externaltools.gnu-tools-for-stm32.12.3.rel1.win32_1.0.100.202403111256/tools/bin/../lib/gcc/arm-none-eabi/12.3.1/../../../../arm-none-eabi/lib/thumb/v7-m/nofp\libm.a(libm_a-e_sqrt.o)
 .debug_frame   0x0000388c       0xac D:/STM32CubeIDE_1.15.1/STM32CubeIDE/plugins/com.st.stm32cube.ide.mcu.externaltools.gnu-tools-for-stm32.12.3.rel1.win32_1.0.100.202403111256/tools/bin/../lib/gcc/arm-none-eabi/12.3.1/thumb/v7-m/nofp\libgcc.a(_arm_addsubdf3.o)
 .debug_frame   0x00003938       0x50 D:/STM32CubeIDE_1.15.1/STM32CubeIDE/plugins/com.st.stm32cube.ide.mcu.externaltools.gnu-tools-for-stm32.12.3.rel1.win32_1.0.100.202403111256/tools/bin/../lib/gcc/arm-none-eabi/12.3.1/thumb/v7-m/nofp\libgcc.a(_arm_muldivdf3.o)
 .debug_frame   0x00003988       0xc4 D:/STM32CubeIDE_1.15.1/STM32CubeIDE/plugins/com.st.stm32cube.ide.mcu.externaltools.gnu-tools-for-stm32.12.3.rel1.win32_1.0.100.202403111256/tools/bin/../lib/gcc/arm-none-eabi/12.3.1/thumb/v7-m/nofp\libgcc.a(_arm_cmpdf2.o)
 .debug_frame   0x00003a4c       0x20 D:/STM32CubeIDE_1.15.1/STM32CubeIDE/plugins/com.st.stm32cube.ide.mcu.externaltools.gnu-tools-for-stm32.12.3.rel1.win32_1.0.100.202403111256/tools/bin/../lib/gcc/arm-none-eabi/12.3.1/thumb/v7-m/nofp\libgcc.a(_arm_unorddf2.o)
 .debug_frame   0x00003a6c       0x24 D:/STM32CubeIDE_1.15.1/STM32CubeIDE/plugins/com.st.stm32cube.ide.mcu.externaltools.gnu-tools-for-stm32.12.3.rel1.win32_1.0.100.202403111256/tools/bin/../lib/gcc/arm-none-eabi/12.3.1/thumb/v7-m/nofp\libgcc.a(_arm_truncdfsf2.o)
 .debug_frame   0x00003a90       0x4c D:/STM32CubeIDE_1.15.1/STM32CubeIDE/plugins/com.st.stm32cube.ide.mcu.externaltools.gnu-tools-for-stm32.12.3.rel1.win32_1.0.100.202403111256/tools/bin/../lib/gcc/arm-none-eabi/12.3.1/thumb/v7-m/nofp\libgcc.a(_arm_addsubsf3.o)
 .debug_frame   0x00003adc       0x38 D:/STM32CubeIDE_1.15.1/STM32CubeIDE/plugins/com.st.stm32cube.ide.mcu.externaltools.gnu-tools-for-stm32.12.3.rel1.win32_1.0.100.202403111256/tools/bin/../lib/gcc/arm-none-eabi/12.3.1/thumb/v7-m/nofp\libgcc.a(_arm_muldivsf3.o)
 .debug_frame   0x00003b14       0xc8 D:/STM32CubeIDE_1.15.1/STM32CubeIDE/plugins/com.st.stm32cube.ide.mcu.externaltools.gnu-tools-for-stm32.12.3.rel1.win32_1.0.100.202403111256/tools/bin/../lib/gcc/arm-none-eabi/12.3.1/thumb/v7-m/nofp\libgcc.a(_arm_cmpsf2.o)

.debug_line_str
                0x00000000       0x6d
 .debug_line_str
                0x00000000       0x6d ./Core/Startup/startup_stm32f103vetx.o
