../Core/Src/oled.c:14:16:OLED_WR_CMD	32	static
../Core/Src/oled.c:29:16:OLED_WR_DATA	32	static
../Core/Src/oled.c:50:6:OLED_Init	8	static
../Core/Src/oled.c:86:6:OLED_Fill	24	static
../Core/Src/oled.c:101:6:Draw_BMP	32	static
../Core/Src/oled.c:120:6:OLED_Set_Pos	16	static
../Core/Src/oled.c:129:6:OLED_CLS	8	static
../Core/Src/oled.c:136:6:OLED_ON	8	static
../Core/Src/oled.c:145:6:OLED_OFF	8	static
../Core/Src/oled.c:215:6:OLED_Showchar	32	static
../Core/Src/oled.c:244:6:OLED_Print_pixel_Image	32	static
